Archive member included because of file (symbol)

c:/program files (x86)/gnu tools arm embedded/4.9 2015q3/bin/../lib/gcc/arm-none-eabi/4.9.3/../../../../arm-none-eabi/lib/armv7-m\libg.a(lib_a-exit.o)
                              c:/program files (x86)/gnu tools arm embedded/4.9 2015q3/bin/../lib/gcc/arm-none-eabi/4.9.3/../../../../arm-none-eabi/lib/armv7-m/crt0.o (exit)
c:/program files (x86)/gnu tools arm embedded/4.9 2015q3/bin/../lib/gcc/arm-none-eabi/4.9.3/../../../../arm-none-eabi/lib/armv7-m\libg.a(lib_a-impure.o)
                              c:/program files (x86)/gnu tools arm embedded/4.9 2015q3/bin/../lib/gcc/arm-none-eabi/4.9.3/../../../../arm-none-eabi/lib/armv7-m\libg.a(lib_a-exit.o) (_global_impure_ptr)
c:/program files (x86)/gnu tools arm embedded/4.9 2015q3/bin/../lib/gcc/arm-none-eabi/4.9.3/../../../../arm-none-eabi/lib/armv7-m\libg.a(lib_a-init.o)
                              c:/program files (x86)/gnu tools arm embedded/4.9 2015q3/bin/../lib/gcc/arm-none-eabi/4.9.3/../../../../arm-none-eabi/lib/armv7-m/crt0.o (__libc_init_array)
c:/program files (x86)/gnu tools arm embedded/4.9 2015q3/bin/../lib/gcc/arm-none-eabi/4.9.3/../../../../arm-none-eabi/lib/armv7-m\libg.a(lib_a-memset.o)
                              c:/program files (x86)/gnu tools arm embedded/4.9 2015q3/bin/../lib/gcc/arm-none-eabi/4.9.3/../../../../arm-none-eabi/lib/armv7-m/crt0.o (memset)
c:/program files (x86)/gnu tools arm embedded/4.9 2015q3/bin/../lib/gcc/arm-none-eabi/4.9.3/../../../../arm-none-eabi/lib/armv7-m\libg.a(lib_a-__call_atexit.o)
                              c:/program files (x86)/gnu tools arm embedded/4.9 2015q3/bin/../lib/gcc/arm-none-eabi/4.9.3/../../../../arm-none-eabi/lib/armv7-m\libg.a(lib_a-exit.o) (__call_exitprocs)
c:/program files (x86)/gnu tools arm embedded/4.9 2015q3/bin/../lib/gcc/arm-none-eabi/4.9.3/../../../../arm-none-eabi/lib/armv7-m\libg.a(lib_a-atexit.o)
                              c:/program files (x86)/gnu tools arm embedded/4.9 2015q3/bin/../lib/gcc/arm-none-eabi/4.9.3/../../../../arm-none-eabi/lib/armv7-m\libg.a(lib_a-__call_atexit.o) (atexit)
c:/program files (x86)/gnu tools arm embedded/4.9 2015q3/bin/../lib/gcc/arm-none-eabi/4.9.3/../../../../arm-none-eabi/lib/armv7-m\libg.a(lib_a-fini.o)
                              c:/program files (x86)/gnu tools arm embedded/4.9 2015q3/bin/../lib/gcc/arm-none-eabi/4.9.3/../../../../arm-none-eabi/lib/armv7-m\libg.a(lib_a-__call_atexit.o) (__libc_fini_array)
c:/program files (x86)/gnu tools arm embedded/4.9 2015q3/bin/../lib/gcc/arm-none-eabi/4.9.3/../../../../arm-none-eabi/lib/armv7-m\libg.a(lib_a-__atexit.o)
                              c:/program files (x86)/gnu tools arm embedded/4.9 2015q3/bin/../lib/gcc/arm-none-eabi/4.9.3/../../../../arm-none-eabi/lib/armv7-m\libg.a(lib_a-atexit.o) (__register_exitproc)

Allocating common symbols
Common symbol       size              file

lcdi2c              0x8               ..\obj\LiquidCrystal_I2C.o
i2c                 0x10              ..\obj\I2C.o
i2c_gpio            0x4               ..\obj\I2C.o

Discarded input sections

 .text          0x00000000        0x0 c:/program files (x86)/gnu tools arm embedded/4.9 2015q3/bin/../lib/gcc/arm-none-eabi/4.9.3/armv7-m/crti.o
 .data          0x00000000        0x0 c:/program files (x86)/gnu tools arm embedded/4.9 2015q3/bin/../lib/gcc/arm-none-eabi/4.9.3/armv7-m/crti.o
 .bss           0x00000000        0x0 c:/program files (x86)/gnu tools arm embedded/4.9 2015q3/bin/../lib/gcc/arm-none-eabi/4.9.3/armv7-m/crti.o
 .data          0x00000000        0x4 c:/program files (x86)/gnu tools arm embedded/4.9 2015q3/bin/../lib/gcc/arm-none-eabi/4.9.3/armv7-m/crtbegin.o
 .text          0x00000000       0x74 c:/program files (x86)/gnu tools arm embedded/4.9 2015q3/bin/../lib/gcc/arm-none-eabi/4.9.3/../../../../arm-none-eabi/lib/armv7-m/crt0.o
 .data          0x00000000        0x0 c:/program files (x86)/gnu tools arm embedded/4.9 2015q3/bin/../lib/gcc/arm-none-eabi/4.9.3/../../../../arm-none-eabi/lib/armv7-m/crt0.o
 .bss           0x00000000        0x0 c:/program files (x86)/gnu tools arm embedded/4.9 2015q3/bin/../lib/gcc/arm-none-eabi/4.9.3/../../../../arm-none-eabi/lib/armv7-m/crt0.o
 .ARM.extab     0x00000000        0x0 c:/program files (x86)/gnu tools arm embedded/4.9 2015q3/bin/../lib/gcc/arm-none-eabi/4.9.3/../../../../arm-none-eabi/lib/armv7-m/crt0.o
 .ARM.exidx     0x00000000        0x8 c:/program files (x86)/gnu tools arm embedded/4.9 2015q3/bin/../lib/gcc/arm-none-eabi/4.9.3/../../../../arm-none-eabi/lib/armv7-m/crt0.o
 .ARM.attributes
                0x00000000       0x1b c:/program files (x86)/gnu tools arm embedded/4.9 2015q3/bin/../lib/gcc/arm-none-eabi/4.9.3/../../../../arm-none-eabi/lib/armv7-m/crt0.o
 .text          0x00000000     0x1e10 ..\obj\stm32f10x_tim.o
 .data          0x00000000        0x0 ..\obj\stm32f10x_tim.o
 .bss           0x00000000        0x0 ..\obj\stm32f10x_tim.o
 .debug_info    0x00000000     0x1c58 ..\obj\stm32f10x_tim.o
 .debug_abbrev  0x00000000      0x1b0 ..\obj\stm32f10x_tim.o
 .debug_aranges
                0x00000000       0x20 ..\obj\stm32f10x_tim.o
 .debug_line    0x00000000      0x631 ..\obj\stm32f10x_tim.o
 .debug_str     0x00000000      0xdfc ..\obj\stm32f10x_tim.o
 .comment       0x00000000       0x71 ..\obj\stm32f10x_tim.o
 .debug_frame   0x00000000      0xe2c ..\obj\stm32f10x_tim.o
 .ARM.attributes
                0x00000000       0x33 ..\obj\stm32f10x_tim.o
 .text          0x00000000      0x21c ..\obj\stm32f10x_exti.o
 .data          0x00000000        0x0 ..\obj\stm32f10x_exti.o
 .bss           0x00000000        0x0 ..\obj\stm32f10x_exti.o
 .debug_info    0x00000000      0x343 ..\obj\stm32f10x_exti.o
 .debug_abbrev  0x00000000      0x17a ..\obj\stm32f10x_exti.o
 .debug_aranges
                0x00000000       0x20 ..\obj\stm32f10x_exti.o
 .debug_line    0x00000000      0x237 ..\obj\stm32f10x_exti.o
 .debug_str     0x00000000      0x368 ..\obj\stm32f10x_exti.o
 .comment       0x00000000       0x71 ..\obj\stm32f10x_exti.o
 .debug_frame   0x00000000      0x148 ..\obj\stm32f10x_exti.o
 .ARM.attributes
                0x00000000       0x33 ..\obj\stm32f10x_exti.o
 .bss           0x00000000        0x0 ..\obj\stm32f10x_rcc.o
 .text          0x00000000       0xd0 ..\obj\stm32f10x_crc.o
 .data          0x00000000        0x0 ..\obj\stm32f10x_crc.o
 .bss           0x00000000        0x0 ..\obj\stm32f10x_crc.o
 .debug_info    0x00000000      0x208 ..\obj\stm32f10x_crc.o
 .debug_abbrev  0x00000000      0x114 ..\obj\stm32f10x_crc.o
 .debug_aranges
                0x00000000       0x20 ..\obj\stm32f10x_crc.o
 .debug_line    0x00000000      0x1fc ..\obj\stm32f10x_crc.o
 .debug_str     0x00000000      0x25a ..\obj\stm32f10x_crc.o
 .comment       0x00000000       0x71 ..\obj\stm32f10x_crc.o
 .debug_frame   0x00000000       0xe8 ..\obj\stm32f10x_crc.o
 .ARM.attributes
                0x00000000       0x33 ..\obj\stm32f10x_crc.o
 .data          0x00000000        0x0 ..\obj\stm32f10x_gpio.o
 .bss           0x00000000        0x0 ..\obj\stm32f10x_gpio.o
 .data          0x00000000        0x0 ..\obj\I2C.o
 .bss           0x00000000        0x0 ..\obj\I2C.o
 .text          0x00000000      0x96c ..\obj\stm32f10x_flash.o
 .data          0x00000000        0x0 ..\obj\stm32f10x_flash.o
 .bss           0x00000000        0x0 ..\obj\stm32f10x_flash.o
 .debug_info    0x00000000      0x7b3 ..\obj\stm32f10x_flash.o
 .debug_abbrev  0x00000000      0x162 ..\obj\stm32f10x_flash.o
 .debug_aranges
                0x00000000       0x20 ..\obj\stm32f10x_flash.o
 .debug_line    0x00000000      0x361 ..\obj\stm32f10x_flash.o
 .debug_str     0x00000000      0x607 ..\obj\stm32f10x_flash.o
 .comment       0x00000000       0x71 ..\obj\stm32f10x_flash.o
 .debug_frame   0x00000000      0x410 ..\obj\stm32f10x_flash.o
 .ARM.attributes
                0x00000000       0x33 ..\obj\stm32f10x_flash.o
 .text          0x00000000      0x6f4 ..\obj\stm32f10x_spi.o
 .data          0x00000000        0x0 ..\obj\stm32f10x_spi.o
 .bss           0x00000000        0x0 ..\obj\stm32f10x_spi.o
 .debug_info    0x00000000      0x8f3 ..\obj\stm32f10x_spi.o
 .debug_abbrev  0x00000000      0x17e ..\obj\stm32f10x_spi.o
 .debug_aranges
                0x00000000       0x20 ..\obj\stm32f10x_spi.o
 .debug_line    0x00000000      0x2e9 ..\obj\stm32f10x_spi.o
 .debug_str     0x00000000      0x61c ..\obj\stm32f10x_spi.o
 .comment       0x00000000       0x71 ..\obj\stm32f10x_spi.o
 .debug_frame   0x00000000      0x3a0 ..\obj\stm32f10x_spi.o
 .ARM.attributes
                0x00000000       0x33 ..\obj\stm32f10x_spi.o
 .text          0x00000000      0x290 ..\obj\stm32f10x_cec.o
 .data          0x00000000        0x0 ..\obj\stm32f10x_cec.o
 .bss           0x00000000        0x0 ..\obj\stm32f10x_cec.o
 .debug_info    0x00000000      0x41d ..\obj\stm32f10x_cec.o
 .debug_abbrev  0x00000000      0x1ae ..\obj\stm32f10x_cec.o
 .debug_aranges
                0x00000000       0x20 ..\obj\stm32f10x_cec.o
 .debug_line    0x00000000      0x24e ..\obj\stm32f10x_cec.o
 .debug_str     0x00000000      0x395 ..\obj\stm32f10x_cec.o
 .comment       0x00000000       0x71 ..\obj\stm32f10x_cec.o
 .debug_frame   0x00000000      0x224 ..\obj\stm32f10x_cec.o
 .ARM.attributes
                0x00000000       0x33 ..\obj\stm32f10x_cec.o
 .text          0x00000000      0x1ac ..\obj\stm32f10x_pwr.o
 .data          0x00000000        0x0 ..\obj\stm32f10x_pwr.o
 .bss           0x00000000        0x0 ..\obj\stm32f10x_pwr.o
 .debug_info    0x00000000      0x483 ..\obj\stm32f10x_pwr.o
 .debug_abbrev  0x00000000      0x18e ..\obj\stm32f10x_pwr.o
 .debug_aranges
                0x00000000       0x20 ..\obj\stm32f10x_pwr.o
 .debug_line    0x00000000      0x23a ..\obj\stm32f10x_pwr.o
 .debug_str     0x00000000      0x341 ..\obj\stm32f10x_pwr.o
 .comment       0x00000000       0x71 ..\obj\stm32f10x_pwr.o
 .debug_frame   0x00000000      0x164 ..\obj\stm32f10x_pwr.o
 .ARM.attributes
                0x00000000       0x33 ..\obj\stm32f10x_pwr.o
 .text          0x00000000      0x514 ..\obj\stm32f10x_sdio.o
 .data          0x00000000        0x0 ..\obj\stm32f10x_sdio.o
 .bss           0x00000000        0x0 ..\obj\stm32f10x_sdio.o
 .debug_info    0x00000000      0x7ed ..\obj\stm32f10x_sdio.o
 .debug_abbrev  0x00000000      0x1af ..\obj\stm32f10x_sdio.o
 .debug_aranges
                0x00000000       0x20 ..\obj\stm32f10x_sdio.o
 .debug_line    0x00000000      0x2b0 ..\obj\stm32f10x_sdio.o
 .debug_str     0x00000000      0x64f ..\obj\stm32f10x_sdio.o
 .comment       0x00000000       0x71 ..\obj\stm32f10x_sdio.o
 .debug_frame   0x00000000      0x490 ..\obj\stm32f10x_sdio.o
 .ARM.attributes
                0x00000000       0x33 ..\obj\stm32f10x_sdio.o
 .text          0x00000000       0xc8 ..\obj\stm32f10x_iwdg.o
 .data          0x00000000        0x0 ..\obj\stm32f10x_iwdg.o
 .bss           0x00000000        0x0 ..\obj\stm32f10x_iwdg.o
 .debug_info    0x00000000      0x20a ..\obj\stm32f10x_iwdg.o
 .debug_abbrev  0x00000000      0x101 ..\obj\stm32f10x_iwdg.o
 .debug_aranges
                0x00000000       0x20 ..\obj\stm32f10x_iwdg.o
 .debug_line    0x00000000      0x1f3 ..\obj\stm32f10x_iwdg.o
 .debug_str     0x00000000      0x27b ..\obj\stm32f10x_iwdg.o
 .comment       0x00000000       0x71 ..\obj\stm32f10x_iwdg.o
 .debug_frame   0x00000000       0xf0 ..\obj\stm32f10x_iwdg.o
 .ARM.attributes
                0x00000000       0x33 ..\obj\stm32f10x_iwdg.o
 .text          0x00000000      0xfa8 ..\obj\stm32f10x_can.o
 .data          0x00000000        0x0 ..\obj\stm32f10x_can.o
 .bss           0x00000000        0x0 ..\obj\stm32f10x_can.o
 .debug_info    0x00000000      0xb9c ..\obj\stm32f10x_can.o
 .debug_abbrev  0x00000000      0x1f3 ..\obj\stm32f10x_can.o
 .debug_aranges
                0x00000000       0x20 ..\obj\stm32f10x_can.o
 .debug_line    0x00000000      0x40a ..\obj\stm32f10x_can.o
 .debug_str     0x00000000      0x74d ..\obj\stm32f10x_can.o
 .comment       0x00000000       0x71 ..\obj\stm32f10x_can.o
 .debug_frame   0x00000000      0x3f0 ..\obj\stm32f10x_can.o
 .ARM.attributes
                0x00000000       0x33 ..\obj\stm32f10x_can.o
 .text          0x00000000      0x404 ..\obj\stm32f10x_dma.o
 .data          0x00000000        0x0 ..\obj\stm32f10x_dma.o
 .bss           0x00000000        0x0 ..\obj\stm32f10x_dma.o
 .debug_info    0x00000000      0x473 ..\obj\stm32f10x_dma.o
 .debug_abbrev  0x00000000      0x155 ..\obj\stm32f10x_dma.o
 .debug_aranges
                0x00000000       0x20 ..\obj\stm32f10x_dma.o
 .debug_line    0x00000000      0x271 ..\obj\stm32f10x_dma.o
 .debug_str     0x00000000      0x3d6 ..\obj\stm32f10x_dma.o
 .comment       0x00000000       0x71 ..\obj\stm32f10x_dma.o
 .debug_frame   0x00000000      0x1c8 ..\obj\stm32f10x_dma.o
 .ARM.attributes
                0x00000000       0x33 ..\obj\stm32f10x_dma.o
 .text          0x00000000       0x70 ..\obj\stm32f10x_dbgmcu.o
 .data          0x00000000        0x0 ..\obj\stm32f10x_dbgmcu.o
 .bss           0x00000000        0x0 ..\obj\stm32f10x_dbgmcu.o
 .debug_info    0x00000000      0x15e ..\obj\stm32f10x_dbgmcu.o
 .debug_abbrev  0x00000000       0xde ..\obj\stm32f10x_dbgmcu.o
 .debug_aranges
                0x00000000       0x20 ..\obj\stm32f10x_dbgmcu.o
 .debug_line    0x00000000      0x1e4 ..\obj\stm32f10x_dbgmcu.o
 .debug_str     0x00000000      0x211 ..\obj\stm32f10x_dbgmcu.o
 .comment       0x00000000       0x71 ..\obj\stm32f10x_dbgmcu.o
 .debug_frame   0x00000000       0x78 ..\obj\stm32f10x_dbgmcu.o
 .ARM.attributes
                0x00000000       0x33 ..\obj\stm32f10x_dbgmcu.o
 .text          0x00000000       0x14 ..\obj\startup_stm32f10x_hd.o
 .data          0x00000000        0x0 ..\obj\startup_stm32f10x_hd.o
 .bss           0x00000000        0x0 ..\obj\startup_stm32f10x_hd.o
 .text          0x00000000      0x908 ..\obj\stm32f10x_usart.o
 .data          0x00000000        0x0 ..\obj\stm32f10x_usart.o
 .bss           0x00000000        0x0 ..\obj\stm32f10x_usart.o
 .debug_info    0x00000000      0x9e8 ..\obj\stm32f10x_usart.o
 .debug_abbrev  0x00000000      0x162 ..\obj\stm32f10x_usart.o
 .debug_aranges
                0x00000000       0x20 ..\obj\stm32f10x_usart.o
 .debug_line    0x00000000      0x31b ..\obj\stm32f10x_usart.o
 .debug_str     0x00000000      0x6af ..\obj\stm32f10x_usart.o
 .comment       0x00000000       0x71 ..\obj\stm32f10x_usart.o
 .debug_frame   0x00000000      0x490 ..\obj\stm32f10x_usart.o
 .ARM.attributes
                0x00000000       0x33 ..\obj\stm32f10x_usart.o
 .text          0x00000000      0x304 ..\obj\stm32f10x_dac.o
 .data          0x00000000        0x0 ..\obj\stm32f10x_dac.o
 .bss           0x00000000        0x0 ..\obj\stm32f10x_dac.o
 .debug_info    0x00000000      0x4b0 ..\obj\stm32f10x_dac.o
 .debug_abbrev  0x00000000      0x173 ..\obj\stm32f10x_dac.o
 .debug_aranges
                0x00000000       0x20 ..\obj\stm32f10x_dac.o
 .debug_line    0x00000000      0x247 ..\obj\stm32f10x_dac.o
 .debug_str     0x00000000      0x3ce ..\obj\stm32f10x_dac.o
 .comment       0x00000000       0x71 ..\obj\stm32f10x_dac.o
 .debug_frame   0x00000000      0x1e4 ..\obj\stm32f10x_dac.o
 .ARM.attributes
                0x00000000       0x33 ..\obj\stm32f10x_dac.o
 .text          0x00000000      0x18c ..\obj\misc.o
 .data          0x00000000        0x0 ..\obj\misc.o
 .bss           0x00000000        0x0 ..\obj\misc.o
 .debug_info    0x00000000      0x53d ..\obj\misc.o
 .debug_abbrev  0x00000000      0x145 ..\obj\misc.o
 .debug_aranges
                0x00000000       0x20 ..\obj\misc.o
 .debug_line    0x00000000      0x1fe ..\obj\misc.o
 .debug_str     0x00000000      0x3dd ..\obj\misc.o
 .comment       0x00000000       0x71 ..\obj\misc.o
 .debug_frame   0x00000000       0xd8 ..\obj\misc.o
 .ARM.attributes
                0x00000000       0x33 ..\obj\misc.o
 .text          0x00000000      0x108 ..\obj\syscalls.o
 .data          0x00000000        0x0 ..\obj\syscalls.o
 .bss           0x00000000        0x4 ..\obj\syscalls.o
 .debug_info    0x00000000      0x3ee ..\obj\syscalls.o
 .debug_abbrev  0x00000000       0xe2 ..\obj\syscalls.o
 .debug_aranges
                0x00000000       0x20 ..\obj\syscalls.o
 .debug_line    0x00000000      0x125 ..\obj\syscalls.o
 .debug_str     0x00000000      0x2dd ..\obj\syscalls.o
 .comment       0x00000000       0x71 ..\obj\syscalls.o
 .debug_frame   0x00000000      0x168 ..\obj\syscalls.o
 .ARM.attributes
                0x00000000       0x33 ..\obj\syscalls.o
 .data          0x00000000        0x0 ..\obj\LiquidCrystal_I2C.o
 .bss           0x00000000        0x0 ..\obj\LiquidCrystal_I2C.o
 .data          0x00000000        0x0 ..\obj\stm32f10x_i2c.o
 .bss           0x00000000        0x0 ..\obj\stm32f10x_i2c.o
 .text          0x00000000      0x2ac ..\obj\stm32f10x_rtc.o
 .data          0x00000000        0x0 ..\obj\stm32f10x_rtc.o
 .bss           0x00000000        0x0 ..\obj\stm32f10x_rtc.o
 .debug_info    0x00000000      0x437 ..\obj\stm32f10x_rtc.o
 .debug_abbrev  0x00000000      0x17e ..\obj\stm32f10x_rtc.o
 .debug_aranges
                0x00000000       0x20 ..\obj\stm32f10x_rtc.o
 .debug_line    0x00000000      0x239 ..\obj\stm32f10x_rtc.o
 .debug_str     0x00000000      0x3c1 ..\obj\stm32f10x_rtc.o
 .comment       0x00000000       0x71 ..\obj\stm32f10x_rtc.o
 .debug_frame   0x00000000      0x214 ..\obj\stm32f10x_rtc.o
 .ARM.attributes
                0x00000000       0x33 ..\obj\stm32f10x_rtc.o
 .text          0x00000000      0x1c0 ..\obj\stm32f10x_bkp.o
 .data          0x00000000        0x0 ..\obj\stm32f10x_bkp.o
 .bss           0x00000000        0x0 ..\obj\stm32f10x_bkp.o
 .debug_info    0x00000000      0x79e ..\obj\stm32f10x_bkp.o
 .debug_abbrev  0x00000000      0x172 ..\obj\stm32f10x_bkp.o
 .debug_aranges
                0x00000000       0x20 ..\obj\stm32f10x_bkp.o
 .debug_line    0x00000000      0x215 ..\obj\stm32f10x_bkp.o
 .debug_str     0x00000000      0x5d4 ..\obj\stm32f10x_bkp.o
 .comment       0x00000000       0x71 ..\obj\stm32f10x_bkp.o
 .debug_frame   0x00000000      0x1c4 ..\obj\stm32f10x_bkp.o
 .ARM.attributes
                0x00000000       0x33 ..\obj\stm32f10x_bkp.o
 .text          0x00000000       0xcc ..\obj\semihosting.o
 .data          0x00000000        0x0 ..\obj\semihosting.o
 .bss           0x00000000       0x11 ..\obj\semihosting.o
 .debug_info    0x00000000      0x12b ..\obj\semihosting.o
 .debug_abbrev  0x00000000       0xab ..\obj\semihosting.o
 .debug_aranges
                0x00000000       0x20 ..\obj\semihosting.o
 .debug_line    0x00000000       0xb7 ..\obj\semihosting.o
 .debug_str     0x00000000      0x196 ..\obj\semihosting.o
 .comment       0x00000000       0x71 ..\obj\semihosting.o
 .debug_frame   0x00000000       0x7c ..\obj\semihosting.o
 .ARM.attributes
                0x00000000       0x33 ..\obj\semihosting.o
 .data          0x00000000        0x0 ..\obj\delay.o
 .bss           0x00000000        0x0 ..\obj\delay.o
 .text          0x00000000      0x118 ..\obj\stm32f10x_wwdg.o
 .data          0x00000000        0x0 ..\obj\stm32f10x_wwdg.o
 .bss           0x00000000        0x0 ..\obj\stm32f10x_wwdg.o
 .debug_info    0x00000000      0x22e ..\obj\stm32f10x_wwdg.o
 .debug_abbrev  0x00000000      0x117 ..\obj\stm32f10x_wwdg.o
 .debug_aranges
                0x00000000       0x20 ..\obj\stm32f10x_wwdg.o
 .debug_line    0x00000000      0x1fc ..\obj\stm32f10x_wwdg.o
 .debug_str     0x00000000      0x27c ..\obj\stm32f10x_wwdg.o
 .comment       0x00000000       0x71 ..\obj\stm32f10x_wwdg.o
 .debug_frame   0x00000000      0x12c ..\obj\stm32f10x_wwdg.o
 .ARM.attributes
                0x00000000       0x33 ..\obj\stm32f10x_wwdg.o
 .data          0x00000000        0x0 ..\obj\sh_cmd.o
 .bss           0x00000000        0x0 ..\obj\sh_cmd.o
 .bss           0x00000000        0x0 ..\obj\system_stm32f10x.o
 .text          0x00000000      0x94c ..\obj\stm32f10x_fsmc.o
 .data          0x00000000        0x0 ..\obj\stm32f10x_fsmc.o
 .bss           0x00000000        0x0 ..\obj\stm32f10x_fsmc.o
 .debug_info    0x00000000      0x8f4 ..\obj\stm32f10x_fsmc.o
 .debug_abbrev  0x00000000      0x170 ..\obj\stm32f10x_fsmc.o
 .debug_aranges
                0x00000000       0x20 ..\obj\stm32f10x_fsmc.o
 .debug_line    0x00000000      0x355 ..\obj\stm32f10x_fsmc.o
 .debug_str     0x00000000      0x799 ..\obj\stm32f10x_fsmc.o
 .comment       0x00000000       0x71 ..\obj\stm32f10x_fsmc.o
 .debug_frame   0x00000000      0x300 ..\obj\stm32f10x_fsmc.o
 .ARM.attributes
                0x00000000       0x33 ..\obj\stm32f10x_fsmc.o
 .data          0x00000000        0x0 ..\obj\main.o
 .bss           0x00000000        0x0 ..\obj\main.o
 .text          0x00000000      0xa3c ..\obj\stm32f10x_adc.o
 .data          0x00000000        0x0 ..\obj\stm32f10x_adc.o
 .bss           0x00000000        0x0 ..\obj\stm32f10x_adc.o
 .debug_info    0x00000000      0xb74 ..\obj\stm32f10x_adc.o
 .debug_abbrev  0x00000000      0x198 ..\obj\stm32f10x_adc.o
 .debug_aranges
                0x00000000       0x20 ..\obj\stm32f10x_adc.o
 .debug_line    0x00000000      0x336 ..\obj\stm32f10x_adc.o
 .debug_str     0x00000000      0x71a ..\obj\stm32f10x_adc.o
 .comment       0x00000000       0x71 ..\obj\stm32f10x_adc.o
 .debug_frame   0x00000000      0x5a4 ..\obj\stm32f10x_adc.o
 .ARM.attributes
                0x00000000       0x33 ..\obj\stm32f10x_adc.o
 .text          0x00000000        0x0 c:/program files (x86)/gnu tools arm embedded/4.9 2015q3/bin/../lib/gcc/arm-none-eabi/4.9.3/../../../../arm-none-eabi/lib/armv7-m\libg.a(lib_a-exit.o)
 .data          0x00000000        0x0 c:/program files (x86)/gnu tools arm embedded/4.9 2015q3/bin/../lib/gcc/arm-none-eabi/4.9.3/../../../../arm-none-eabi/lib/armv7-m\libg.a(lib_a-exit.o)
 .bss           0x00000000        0x0 c:/program files (x86)/gnu tools arm embedded/4.9 2015q3/bin/../lib/gcc/arm-none-eabi/4.9.3/../../../../arm-none-eabi/lib/armv7-m\libg.a(lib_a-exit.o)
 .text.exit     0x00000000       0x20 c:/program files (x86)/gnu tools arm embedded/4.9 2015q3/bin/../lib/gcc/arm-none-eabi/4.9.3/../../../../arm-none-eabi/lib/armv7-m\libg.a(lib_a-exit.o)
 .debug_frame   0x00000000       0x28 c:/program files (x86)/gnu tools arm embedded/4.9 2015q3/bin/../lib/gcc/arm-none-eabi/4.9.3/../../../../arm-none-eabi/lib/armv7-m\libg.a(lib_a-exit.o)
 .ARM.attributes
                0x00000000       0x2d c:/program files (x86)/gnu tools arm embedded/4.9 2015q3/bin/../lib/gcc/arm-none-eabi/4.9.3/../../../../arm-none-eabi/lib/armv7-m\libg.a(lib_a-exit.o)
 .text          0x00000000        0x0 c:/program files (x86)/gnu tools arm embedded/4.9 2015q3/bin/../lib/gcc/arm-none-eabi/4.9.3/../../../../arm-none-eabi/lib/armv7-m\libg.a(lib_a-impure.o)
 .data          0x00000000        0x0 c:/program files (x86)/gnu tools arm embedded/4.9 2015q3/bin/../lib/gcc/arm-none-eabi/4.9.3/../../../../arm-none-eabi/lib/armv7-m\libg.a(lib_a-impure.o)
 .bss           0x00000000        0x0 c:/program files (x86)/gnu tools arm embedded/4.9 2015q3/bin/../lib/gcc/arm-none-eabi/4.9.3/../../../../arm-none-eabi/lib/armv7-m\libg.a(lib_a-impure.o)
 .data._impure_ptr
                0x00000000        0x4 c:/program files (x86)/gnu tools arm embedded/4.9 2015q3/bin/../lib/gcc/arm-none-eabi/4.9.3/../../../../arm-none-eabi/lib/armv7-m\libg.a(lib_a-impure.o)
 .text          0x00000000        0x0 c:/program files (x86)/gnu tools arm embedded/4.9 2015q3/bin/../lib/gcc/arm-none-eabi/4.9.3/../../../../arm-none-eabi/lib/armv7-m\libg.a(lib_a-init.o)
 .data          0x00000000        0x0 c:/program files (x86)/gnu tools arm embedded/4.9 2015q3/bin/../lib/gcc/arm-none-eabi/4.9.3/../../../../arm-none-eabi/lib/armv7-m\libg.a(lib_a-init.o)
 .bss           0x00000000        0x0 c:/program files (x86)/gnu tools arm embedded/4.9 2015q3/bin/../lib/gcc/arm-none-eabi/4.9.3/../../../../arm-none-eabi/lib/armv7-m\libg.a(lib_a-init.o)
 .text.__libc_init_array
                0x00000000       0x50 c:/program files (x86)/gnu tools arm embedded/4.9 2015q3/bin/../lib/gcc/arm-none-eabi/4.9.3/../../../../arm-none-eabi/lib/armv7-m\libg.a(lib_a-init.o)
 .debug_frame   0x00000000       0x2c c:/program files (x86)/gnu tools arm embedded/4.9 2015q3/bin/../lib/gcc/arm-none-eabi/4.9.3/../../../../arm-none-eabi/lib/armv7-m\libg.a(lib_a-init.o)
 .ARM.attributes
                0x00000000       0x2d c:/program files (x86)/gnu tools arm embedded/4.9 2015q3/bin/../lib/gcc/arm-none-eabi/4.9.3/../../../../arm-none-eabi/lib/armv7-m\libg.a(lib_a-init.o)
 .text          0x00000000        0x0 c:/program files (x86)/gnu tools arm embedded/4.9 2015q3/bin/../lib/gcc/arm-none-eabi/4.9.3/../../../../arm-none-eabi/lib/armv7-m\libg.a(lib_a-memset.o)
 .data          0x00000000        0x0 c:/program files (x86)/gnu tools arm embedded/4.9 2015q3/bin/../lib/gcc/arm-none-eabi/4.9.3/../../../../arm-none-eabi/lib/armv7-m\libg.a(lib_a-memset.o)
 .bss           0x00000000        0x0 c:/program files (x86)/gnu tools arm embedded/4.9 2015q3/bin/../lib/gcc/arm-none-eabi/4.9.3/../../../../arm-none-eabi/lib/armv7-m\libg.a(lib_a-memset.o)
 .text.memset   0x00000000       0x9c c:/program files (x86)/gnu tools arm embedded/4.9 2015q3/bin/../lib/gcc/arm-none-eabi/4.9.3/../../../../arm-none-eabi/lib/armv7-m\libg.a(lib_a-memset.o)
 .debug_frame   0x00000000       0x34 c:/program files (x86)/gnu tools arm embedded/4.9 2015q3/bin/../lib/gcc/arm-none-eabi/4.9.3/../../../../arm-none-eabi/lib/armv7-m\libg.a(lib_a-memset.o)
 .ARM.attributes
                0x00000000       0x2d c:/program files (x86)/gnu tools arm embedded/4.9 2015q3/bin/../lib/gcc/arm-none-eabi/4.9.3/../../../../arm-none-eabi/lib/armv7-m\libg.a(lib_a-memset.o)
 .text          0x00000000        0x0 c:/program files (x86)/gnu tools arm embedded/4.9 2015q3/bin/../lib/gcc/arm-none-eabi/4.9.3/../../../../arm-none-eabi/lib/armv7-m\libg.a(lib_a-__call_atexit.o)
 .data          0x00000000        0x0 c:/program files (x86)/gnu tools arm embedded/4.9 2015q3/bin/../lib/gcc/arm-none-eabi/4.9.3/../../../../arm-none-eabi/lib/armv7-m\libg.a(lib_a-__call_atexit.o)
 .bss           0x00000000        0x0 c:/program files (x86)/gnu tools arm embedded/4.9 2015q3/bin/../lib/gcc/arm-none-eabi/4.9.3/../../../../arm-none-eabi/lib/armv7-m\libg.a(lib_a-__call_atexit.o)
 .text.__call_exitprocs
                0x00000000       0xd4 c:/program files (x86)/gnu tools arm embedded/4.9 2015q3/bin/../lib/gcc/arm-none-eabi/4.9.3/../../../../arm-none-eabi/lib/armv7-m\libg.a(lib_a-__call_atexit.o)
 .text          0x00000000        0x0 c:/program files (x86)/gnu tools arm embedded/4.9 2015q3/bin/../lib/gcc/arm-none-eabi/4.9.3/../../../../arm-none-eabi/lib/armv7-m\libg.a(lib_a-atexit.o)
 .data          0x00000000        0x0 c:/program files (x86)/gnu tools arm embedded/4.9 2015q3/bin/../lib/gcc/arm-none-eabi/4.9.3/../../../../arm-none-eabi/lib/armv7-m\libg.a(lib_a-atexit.o)
 .bss           0x00000000        0x0 c:/program files (x86)/gnu tools arm embedded/4.9 2015q3/bin/../lib/gcc/arm-none-eabi/4.9.3/../../../../arm-none-eabi/lib/armv7-m\libg.a(lib_a-atexit.o)
 .text          0x00000000        0x0 c:/program files (x86)/gnu tools arm embedded/4.9 2015q3/bin/../lib/gcc/arm-none-eabi/4.9.3/../../../../arm-none-eabi/lib/armv7-m\libg.a(lib_a-fini.o)
 .data          0x00000000        0x0 c:/program files (x86)/gnu tools arm embedded/4.9 2015q3/bin/../lib/gcc/arm-none-eabi/4.9.3/../../../../arm-none-eabi/lib/armv7-m\libg.a(lib_a-fini.o)
 .bss           0x00000000        0x0 c:/program files (x86)/gnu tools arm embedded/4.9 2015q3/bin/../lib/gcc/arm-none-eabi/4.9.3/../../../../arm-none-eabi/lib/armv7-m\libg.a(lib_a-fini.o)
 .text          0x00000000        0x0 c:/program files (x86)/gnu tools arm embedded/4.9 2015q3/bin/../lib/gcc/arm-none-eabi/4.9.3/../../../../arm-none-eabi/lib/armv7-m\libg.a(lib_a-__atexit.o)
 .data          0x00000000        0x0 c:/program files (x86)/gnu tools arm embedded/4.9 2015q3/bin/../lib/gcc/arm-none-eabi/4.9.3/../../../../arm-none-eabi/lib/armv7-m\libg.a(lib_a-__atexit.o)
 .bss           0x00000000        0x0 c:/program files (x86)/gnu tools arm embedded/4.9 2015q3/bin/../lib/gcc/arm-none-eabi/4.9.3/../../../../arm-none-eabi/lib/armv7-m\libg.a(lib_a-__atexit.o)
 .text          0x00000000        0x0 c:/program files (x86)/gnu tools arm embedded/4.9 2015q3/bin/../lib/gcc/arm-none-eabi/4.9.3/armv7-m/crtend.o
 .data          0x00000000        0x0 c:/program files (x86)/gnu tools arm embedded/4.9 2015q3/bin/../lib/gcc/arm-none-eabi/4.9.3/armv7-m/crtend.o
 .bss           0x00000000        0x0 c:/program files (x86)/gnu tools arm embedded/4.9 2015q3/bin/../lib/gcc/arm-none-eabi/4.9.3/armv7-m/crtend.o
 .eh_frame      0x00000000        0x4 c:/program files (x86)/gnu tools arm embedded/4.9 2015q3/bin/../lib/gcc/arm-none-eabi/4.9.3/armv7-m/crtend.o
 .text          0x00000000        0x0 c:/program files (x86)/gnu tools arm embedded/4.9 2015q3/bin/../lib/gcc/arm-none-eabi/4.9.3/armv7-m/crtn.o
 .data          0x00000000        0x0 c:/program files (x86)/gnu tools arm embedded/4.9 2015q3/bin/../lib/gcc/arm-none-eabi/4.9.3/armv7-m/crtn.o
 .bss           0x00000000        0x0 c:/program files (x86)/gnu tools arm embedded/4.9 2015q3/bin/../lib/gcc/arm-none-eabi/4.9.3/armv7-m/crtn.o

Memory Configuration

Name             Origin             Length             Attributes
rom              0x08000000         0x00010000         xr
ram              0x20000000         0x00005000         xrw
*default*        0x00000000         0xffffffff

Linker script and memory map

LOAD c:/program files (x86)/gnu tools arm embedded/4.9 2015q3/bin/../lib/gcc/arm-none-eabi/4.9.3/armv7-m/crti.o
LOAD c:/program files (x86)/gnu tools arm embedded/4.9 2015q3/bin/../lib/gcc/arm-none-eabi/4.9.3/armv7-m/crtbegin.o
LOAD c:/program files (x86)/gnu tools arm embedded/4.9 2015q3/bin/../lib/gcc/arm-none-eabi/4.9.3/../../../../arm-none-eabi/lib/armv7-m/crt0.o
                0x20005000                _eram = 0x20005000

.text           0x08000000     0x24ec
 *(.isr_vector)
 .isr_vector    0x08000000      0x1e4 ..\obj\startup_stm32f10x_hd.o
                0x08000000                g_pfnVectors
 *(.text*)
 .text          0x080001e4       0x5c c:/program files (x86)/gnu tools arm embedded/4.9 2015q3/bin/../lib/gcc/arm-none-eabi/4.9.3/armv7-m/crtbegin.o
 .text          0x08000240      0x7dc ..\obj\stm32f10x_rcc.o
                0x08000240                RCC_DeInit
                0x0800029c                RCC_HSEConfig
                0x080002f8                RCC_WaitForHSEStartUp
                0x08000348                RCC_AdjustHSICalibrationValue
                0x08000384                RCC_HSICmd
                0x080003a4                RCC_PLLConfig
                0x080003e0                RCC_PLLCmd
                0x08000400                RCC_SYSCLKConfig
                0x08000438                RCC_GetSYSCLKSource
                0x08000458                RCC_HCLKConfig
                0x08000490                RCC_PCLK1Config
                0x080004c8                RCC_PCLK2Config
                0x08000500                RCC_ITConfig
                0x0800054c                RCC_USBCLKConfig
                0x08000568                RCC_ADCCLKConfig
                0x080005a0                RCC_LSEConfig
                0x080005e0                RCC_LSICmd
                0x08000600                RCC_RTCCLKConfig
                0x08000624                RCC_RTCCLKCmd
                0x08000644                RCC_GetClocksFreq
                0x080007a8                RCC_AHBPeriphClockCmd
                0x080007e4                RCC_APB2PeriphClockCmd
                0x08000820                RCC_APB1PeriphClockCmd
                0x0800085c                RCC_APB2PeriphResetCmd
                0x08000898                RCC_APB1PeriphResetCmd
                0x080008d4                RCC_BackupResetCmd
                0x080008f4                RCC_ClockSecuritySystemCmd
                0x08000914                RCC_MCOConfig
                0x08000934                RCC_GetFlagStatus
                0x080009a8                RCC_ClearFlag
                0x080009c4                RCC_GetITStatus
                0x080009fc                RCC_ClearITPendingBit
 .text          0x08000a1c      0x5f8 ..\obj\stm32f10x_gpio.o
                0x08000a1c                GPIO_DeInit
                0x08000b00                GPIO_AFIODeInit
                0x08000b18                GPIO_Init
                0x08000c98                GPIO_StructInit
                0x08000cc0                GPIO_ReadInputDataBit
                0x08000cf4                GPIO_ReadInputData
                0x08000d10                GPIO_ReadOutputDataBit
                0x08000d44                GPIO_ReadOutputData
                0x08000d60                GPIO_SetBits
                0x08000d7c                GPIO_ResetBits
                0x08000d98                GPIO_WriteBit
                0x08000dc8                GPIO_Write
                0x08000de4                GPIO_PinLockConfig
                0x08000e28                GPIO_EventOutputConfig
                0x08000e74                GPIO_EventOutputCmd
                0x08000e94                GPIO_PinRemapConfig
                0x08000f74                GPIO_EXTILineConfig
                0x08000ff8                GPIO_ETH_MediaInterfaceConfig
 .text          0x08001014      0x174 ..\obj\I2C.o
                0x08001014                init_I2C1
                0x0800109c                I2C_StartTransmission
                0x08001128                I2C_WriteData
                0x08001158                I2C_ReadData
 .text.Reset_Handler
                0x08001188       0x44 ..\obj\startup_stm32f10x_hd.o
                0x08001188                Reset_Handler
 .text.Default_Handler
                0x080011cc        0x2 ..\obj\startup_stm32f10x_hd.o
                0x080011cc                EXTI2_IRQHandler
                0x080011cc                TIM8_TRG_COM_IRQHandler
                0x080011cc                TIM8_CC_IRQHandler
                0x080011cc                DebugMon_Handler
                0x080011cc                TIM1_CC_IRQHandler
                0x080011cc                TIM6_IRQHandler
                0x080011cc                SysTick_Handler
                0x080011cc                PVD_IRQHandler
                0x080011cc                SDIO_IRQHandler
                0x080011cc                PendSV_Handler
                0x080011cc                NMI_Handler
                0x080011cc                EXTI3_IRQHandler
                0x080011cc                EXTI0_IRQHandler
                0x080011cc                I2C2_EV_IRQHandler
                0x080011cc                UsageFault_Handler
                0x080011cc                ADC1_2_IRQHandler
                0x080011cc                SPI1_IRQHandler
                0x080011cc                TAMPER_IRQHandler
                0x080011cc                TIM8_UP_IRQHandler
                0x080011cc                DMA2_Channel2_IRQHandler
                0x080011cc                DMA1_Channel4_IRQHandler
                0x080011cc                USART3_IRQHandler
                0x080011cc                RTC_IRQHandler
                0x080011cc                DMA1_Channel7_IRQHandler
                0x080011cc                CAN1_RX1_IRQHandler
                0x080011cc                UART5_IRQHandler
                0x080011cc                ADC3_IRQHandler
                0x080011cc                TIM4_IRQHandler
                0x080011cc                DMA2_Channel1_IRQHandler
                0x080011cc                I2C1_EV_IRQHandler
                0x080011cc                DMA1_Channel6_IRQHandler
                0x080011cc                UART4_IRQHandler
                0x080011cc                TIM3_IRQHandler
                0x080011cc                RCC_IRQHandler
                0x080011cc                TIM1_TRG_COM_IRQHandler
                0x080011cc                DMA1_Channel1_IRQHandler
                0x080011cc                Default_Handler
                0x080011cc                EXTI15_10_IRQHandler
                0x080011cc                TIM7_IRQHandler
                0x080011cc                TIM5_IRQHandler
                0x080011cc                EXTI9_5_IRQHandler
                0x080011cc                SPI2_IRQHandler
                0x080011cc                MemManage_Handler
                0x080011cc                SVC_Handler
                0x080011cc                DMA1_Channel5_IRQHandler
                0x080011cc                EXTI4_IRQHandler
                0x080011cc                USB_LP_CAN1_RX0_IRQHandler
                0x080011cc                USB_HP_CAN1_TX_IRQHandler
                0x080011cc                DMA1_Channel3_IRQHandler
                0x080011cc                FSMC_IRQHandler
                0x080011cc                TIM1_UP_IRQHandler
                0x080011cc                WWDG_IRQHandler
                0x080011cc                TIM2_IRQHandler
                0x080011cc                TIM1_BRK_IRQHandler
                0x080011cc                EXTI1_IRQHandler
                0x080011cc                RTCAlarm_IRQHandler
                0x080011cc                DMA2_Channel4_5_IRQHandler
                0x080011cc                USART2_IRQHandler
                0x080011cc                I2C2_ER_IRQHandler
                0x080011cc                DMA1_Channel2_IRQHandler
                0x080011cc                TIM8_BRK_IRQHandler
                0x080011cc                CAN1_SCE_IRQHandler
                0x080011cc                FLASH_IRQHandler
                0x080011cc                BusFault_Handler
                0x080011cc                USART1_IRQHandler
                0x080011cc                SPI3_IRQHandler
                0x080011cc                I2C1_ER_IRQHandler
                0x080011cc                USBWakeUp_IRQHandler
                0x080011cc                DMA2_Channel3_IRQHandler
 *fill*         0x080011ce        0x2 
 .text          0x080011d0      0x564 ..\obj\LiquidCrystal_I2C.o
                0x080011d0                LCDI2C_write
                0x080011ec                LCDI2C_init
                0x08001238                LCDI2C_begin
                0x080012ec                LCDI2C_clear
                0x08001300                LCDI2C_home
                0x08001314                LCDI2C_setCursor
                0x08001378                LCDI2C_noDisplay
                0x080013a0                LCDI2C_display
                0x080013c8                LCDI2C_noCursor
                0x080013f0                LCDI2C_cursor
                0x08001418                LCDI2C_noBlink
                0x08001440                LCDI2C_blink
                0x08001468                LCDI2C_scrollDisplayLeft
                0x08001474                LCDI2C_scrollDisplayRight
                0x08001480                LCDI2C_leftToRight
                0x080014a8                LCDI2C_rightToLeft
                0x080014d0                LCDI2C_autoscroll
                0x080014f8                LCDI2C_noAutoscroll
                0x08001520                LCDI2C_createChar
                0x08001570                LCDI2C_noBacklight
                0x08001588                LCDI2C_backlight
                0x080015a0                LCDI2C_command
                0x080015bc                LCDI2C_send
                0x080015fc                LCDI2C_write4bits
                0x0800161c                LCDI2C_expanderWrite
                0x0800165c                LCDI2C_pulseEnable
                0x08001694                LCDI2C_cursor_on
                0x080016a0                LCDI2C_cursor_off
                0x080016ac                LCDI2C_blink_on
                0x080016b8                LCDI2C_blink_off
                0x080016c4                LCDI2C_load_custom_character
                0x080016e0                LCDI2C_setBacklight
                0x08001700                LCDI2C_write_String
 .text          0x08001734      0x958 ..\obj\stm32f10x_i2c.o
                0x08001734                I2C_DeInit
                0x08001778                I2C_Init
                0x080018fc                I2C_StructInit
                0x08001938                I2C_Cmd
                0x08001978                I2C_DMACmd
                0x080019b8                I2C_DMALastTransferCmd
                0x080019f8                I2C_GenerateSTART
                0x08001a38                I2C_GenerateSTOP
                0x08001a78                I2C_AcknowledgeConfig
                0x08001ab8                I2C_OwnAddress2Config
                0x08001af8                I2C_DualAddressCmd
                0x08001b38                I2C_GeneralCallCmd
                0x08001b78                I2C_ITConfig
                0x08001bc0                I2C_SendData
                0x08001be0                I2C_ReceiveData
                0x08001bfc                I2C_Send7bitAddress
                0x08001c38                I2C_ReadRegister
                0x08001c68                I2C_SoftwareResetCmd
                0x08001cac                I2C_NACKPositionConfig
                0x08001cec                I2C_SMBusAlertConfig
                0x08001d2c                I2C_TransmitPEC
                0x08001d6c                I2C_PECPositionConfig
                0x08001dac                I2C_CalculatePEC
                0x08001dec                I2C_GetPEC
                0x08001e0c                I2C_ARPCmd
                0x08001e4c                I2C_StretchClockCmd
                0x08001e8c                I2C_FastModeDutyCycleConfig
                0x08001ecc                I2C_CheckEvent
                0x08001f2c                I2C_GetLastEvent
                0x08001f70                I2C_GetFlagStatus
                0x08001fd8                I2C_ClearFlag
                0x08002004                I2C_GetITStatus
                0x08002060                I2C_ClearITPendingBit
 .text          0x0800208c       0x78 ..\obj\delay.o
                0x0800208c                Delay
                0x080020c8                DelayMC
 .text          0x08002104       0x28 ..\obj\sh_cmd.o
                0x08002104                SH_DoCommand
                0x08002116                HardFault_Handler
 .text          0x0800212c      0x250 ..\obj\system_stm32f10x.o
                0x0800212c                SystemInit
                0x08002194                SystemCoreClockUpdate
 .text          0x0800237c       0x44 ..\obj\main.o
                0x0800237c                main
 .text.startup.register_fini
                0x080023c0       0x14 c:/program files (x86)/gnu tools arm embedded/4.9 2015q3/bin/../lib/gcc/arm-none-eabi/4.9.3/../../../../arm-none-eabi/lib/armv7-m\libg.a(lib_a-__call_atexit.o)
 .text.atexit   0x080023d4        0xc c:/program files (x86)/gnu tools arm embedded/4.9 2015q3/bin/../lib/gcc/arm-none-eabi/4.9.3/../../../../arm-none-eabi/lib/armv7-m\libg.a(lib_a-atexit.o)
                0x080023d4                atexit
 .text.__libc_fini_array
                0x080023e0       0x2c c:/program files (x86)/gnu tools arm embedded/4.9 2015q3/bin/../lib/gcc/arm-none-eabi/4.9.3/../../../../arm-none-eabi/lib/armv7-m\libg.a(lib_a-fini.o)
                0x080023e0                __libc_fini_array
 .text.__register_exitproc
                0x0800240c       0xa4 c:/program files (x86)/gnu tools arm embedded/4.9 2015q3/bin/../lib/gcc/arm-none-eabi/4.9.3/../../../../arm-none-eabi/lib/armv7-m\libg.a(lib_a-__atexit.o)
                0x0800240c                __register_exitproc
 *(.init)
 .init          0x080024b0        0x4 c:/program files (x86)/gnu tools arm embedded/4.9 2015q3/bin/../lib/gcc/arm-none-eabi/4.9.3/armv7-m/crti.o
                0x080024b0                _init
 .init          0x080024b4        0x8 c:/program files (x86)/gnu tools arm embedded/4.9 2015q3/bin/../lib/gcc/arm-none-eabi/4.9.3/armv7-m/crtn.o
 *(.fini)
 .fini          0x080024bc        0x4 c:/program files (x86)/gnu tools arm embedded/4.9 2015q3/bin/../lib/gcc/arm-none-eabi/4.9.3/armv7-m/crti.o
                0x080024bc                _fini
 .fini          0x080024c0        0x8 c:/program files (x86)/gnu tools arm embedded/4.9 2015q3/bin/../lib/gcc/arm-none-eabi/4.9.3/armv7-m/crtn.o
 *crtbegin.o(.ctors)
 *crtbegin?.o(.ctors)
 *(EXCLUDE_FILE(*crtend.o *crtend?.o) .ctors)
 *(SORT(.ctors.*))
 *(.ctors)
 *crtbegin.o(.dtors)
 *crtbegin?.o(.dtors)
 *(EXCLUDE_FILE(*crtend.o *crtend?.o) .dtors)
 *(SORT(.dtors.*))
 *(.dtors)
 *(.rodata*)
 .rodata        0x080024c8       0x10 ..\obj\LiquidCrystal_I2C.o
 .rodata        0x080024d8        0x9 ..\obj\main.o
 *fill*         0x080024e1        0x3 
 .rodata.str1.4
                0x080024e4        0x4 c:/program files (x86)/gnu tools arm embedded/4.9 2015q3/bin/../lib/gcc/arm-none-eabi/4.9.3/../../../../arm-none-eabi/lib/armv7-m\libg.a(lib_a-impure.o)
                                  0x2 (size before relaxing)
 .rodata._global_impure_ptr
                0x080024e8        0x4 c:/program files (x86)/gnu tools arm embedded/4.9 2015q3/bin/../lib/gcc/arm-none-eabi/4.9.3/../../../../arm-none-eabi/lib/armv7-m\libg.a(lib_a-impure.o)
                0x080024e8                _global_impure_ptr
 *(.eh_fram e*)

.eh_frame       0x080024ec        0x0
 .eh_frame      0x080024ec        0x0 c:/program files (x86)/gnu tools arm embedded/4.9 2015q3/bin/../lib/gcc/arm-none-eabi/4.9.3/armv7-m/crtbegin.o

.glue_7         0x080024ec        0x0
 .glue_7        0x00000000        0x0 linker stubs

.glue_7t        0x080024ec        0x0
 .glue_7t       0x00000000        0x0 linker stubs

.vfp11_veneer   0x080024ec        0x0
 .vfp11_veneer  0x00000000        0x0 linker stubs

.v4_bx          0x080024ec        0x0
 .v4_bx         0x00000000        0x0 linker stubs

.iplt           0x080024ec        0x0
 .iplt          0x00000000        0x0 c:/program files (x86)/gnu tools arm embedded/4.9 2015q3/bin/../lib/gcc/arm-none-eabi/4.9.3/armv7-m/crtbegin.o

.rel.dyn        0x080024ec        0x0
 .rel.iplt      0x00000000        0x0 c:/program files (x86)/gnu tools arm embedded/4.9 2015q3/bin/../lib/gcc/arm-none-eabi/4.9.3/armv7-m/crtbegin.o

.ARM.extab
 *(.ARM.extab* .gnu.linkonce.armextab.*)
                0x080024ec                __exidx_start = .

.ARM.exidx
 *(.ARM.exidx* .gnu.linkonce.armexidx.*)
                0x080024ec                __exidx_end = .
                0x080024ec                __etext = .
                0x080024ec                _sidata = __etext

.data           0x20000000      0x460 load address 0x080024ec
                0x20000000                __data_start__ = .
                0x20000000                _sdata = __data_start__
 *(vtable)
 *(.data*)
 .data          0x20000000       0x14 ..\obj\stm32f10x_rcc.o
 .data          0x20000014       0x14 ..\obj\system_stm32f10x.o
                0x20000014                SystemCoreClock
                0x20000018                AHBPrescTable
 .data.impure_data
                0x20000028      0x428 c:/program files (x86)/gnu tools arm embedded/4.9 2015q3/bin/../lib/gcc/arm-none-eabi/4.9.3/../../../../arm-none-eabi/lib/armv7-m\libg.a(lib_a-impure.o)
                0x20000450                . = ALIGN (0x4)
                0x20000450                PROVIDE (__preinit_array_start, .)
 *(.preinit_array)
                0x20000450                PROVIDE (__preinit_array_end, .)
                0x20000450                . = ALIGN (0x4)
                0x20000450                PROVIDE (__init_array_start, .)
 *(SORT(.init_array.*))
 .init_array.00000
                0x20000450        0x4 c:/program files (x86)/gnu tools arm embedded/4.9 2015q3/bin/../lib/gcc/arm-none-eabi/4.9.3/../../../../arm-none-eabi/lib/armv7-m\libg.a(lib_a-__call_atexit.o)
 *(.init_array)
 .init_array    0x20000454        0x4 c:/program files (x86)/gnu tools arm embedded/4.9 2015q3/bin/../lib/gcc/arm-none-eabi/4.9.3/armv7-m/crtbegin.o
                0x20000458                PROVIDE (__init_array_end, .)
                0x20000458                . = ALIGN (0x4)
                0x20000458                PROVIDE (__fini_array_start, .)
 *(SORT(.fini_array.*))
 *(.fini_array)
 .fini_array    0x20000458        0x4 c:/program files (x86)/gnu tools arm embedded/4.9 2015q3/bin/../lib/gcc/arm-none-eabi/4.9.3/armv7-m/crtbegin.o
                0x2000045c                PROVIDE (__fini_array_end, .)
 *(.jcr*)
 .jcr           0x2000045c        0x0 c:/program files (x86)/gnu tools arm embedded/4.9 2015q3/bin/../lib/gcc/arm-none-eabi/4.9.3/armv7-m/crtbegin.o
 .jcr           0x2000045c        0x4 c:/program files (x86)/gnu tools arm embedded/4.9 2015q3/bin/../lib/gcc/arm-none-eabi/4.9.3/armv7-m/crtend.o
                0x20000460                . = ALIGN (0x4)
                0x20000460                __data_end__ = .
                0x20000460                _edata = __data_end__

.igot.plt       0x20000460        0x0 load address 0x0800294c
 .igot.plt      0x00000000        0x0 c:/program files (x86)/gnu tools arm embedded/4.9 2015q3/bin/../lib/gcc/arm-none-eabi/4.9.3/armv7-m/crtbegin.o

.bss            0x20000460       0x38 load address 0x0800294c
                0x20000460                . = ALIGN (0x4)
                0x20000460                __bss_start__ = .
                0x20000460                _sbss = __bss_start__
 *(.bss*)
 .bss           0x20000460       0x1c c:/program files (x86)/gnu tools arm embedded/4.9 2015q3/bin/../lib/gcc/arm-none-eabi/4.9.3/armv7-m/crtbegin.o
 *(COMMON)
 COMMON         0x2000047c       0x14 ..\obj\I2C.o
                0x2000047c                i2c
                0x2000048c                i2c_gpio
 COMMON         0x20000490        0x8 ..\obj\LiquidCrystal_I2C.o
                0x20000490                lcdi2c
                0x20000498                . = ALIGN (0x4)
                0x20000498                __bss_end__ = .
                0x20000498                _ebss = __bss_end__

.heap           0x20000498        0x0
                0x20000498                __end__ = .
                0x20000498                _end = __end__
                0x20000498                end = __end__
 *(.heap*)
                0x20000498                __HeapLimit = .

.co_stack       0x20000498        0x0
                0x20000498                . = ALIGN (0x8)
 *(.co_stack .co_stack.*)
                0x20005000                __StackTop = (ORIGIN (ram) + 0x5000)
                0x20005000                __StackLimit = (__StackTop - SIZEOF (.co_stack))
                0x20005000                PROVIDE (__stack, __StackTop)
                0x00000001                ASSERT ((__StackLimit >= __HeapLimit), region ram  overflowed with stack)
LOAD ..\obj\stm32f10x_tim.o
LOAD ..\obj\stm32f10x_exti.o
LOAD ..\obj\stm32f10x_rcc.o
LOAD ..\obj\stm32f10x_crc.o
LOAD ..\obj\stm32f10x_gpio.o
LOAD ..\obj\I2C.o
LOAD ..\obj\stm32f10x_flash.o
LOAD ..\obj\stm32f10x_spi.o
LOAD ..\obj\stm32f10x_cec.o
LOAD ..\obj\stm32f10x_pwr.o
LOAD ..\obj\stm32f10x_sdio.o
LOAD ..\obj\stm32f10x_iwdg.o
LOAD ..\obj\stm32f10x_can.o
LOAD ..\obj\stm32f10x_dma.o
LOAD ..\obj\stm32f10x_dbgmcu.o
LOAD ..\obj\startup_stm32f10x_hd.o
LOAD ..\obj\stm32f10x_usart.o
LOAD ..\obj\stm32f10x_dac.o
LOAD ..\obj\misc.o
LOAD ..\obj\syscalls.o
LOAD ..\obj\LiquidCrystal_I2C.o
LOAD ..\obj\stm32f10x_i2c.o
LOAD ..\obj\stm32f10x_rtc.o
LOAD ..\obj\stm32f10x_bkp.o
LOAD ..\obj\semihosting.o
LOAD ..\obj\delay.o
LOAD ..\obj\stm32f10x_wwdg.o
LOAD ..\obj\sh_cmd.o
LOAD ..\obj\system_stm32f10x.o
LOAD ..\obj\stm32f10x_fsmc.o
LOAD ..\obj\main.o
LOAD ..\obj\stm32f10x_adc.o
START GROUP
LOAD c:/program files (x86)/gnu tools arm embedded/4.9 2015q3/bin/../lib/gcc/arm-none-eabi/4.9.3/armv7-m\libgcc.a
LOAD c:/program files (x86)/gnu tools arm embedded/4.9 2015q3/bin/../lib/gcc/arm-none-eabi/4.9.3/../../../../arm-none-eabi/lib/armv7-m\libg.a
LOAD c:/program files (x86)/gnu tools arm embedded/4.9 2015q3/bin/../lib/gcc/arm-none-eabi/4.9.3/../../../../arm-none-eabi/lib/armv7-m\libc.a
END GROUP
LOAD c:/program files (x86)/gnu tools arm embedded/4.9 2015q3/bin/../lib/gcc/arm-none-eabi/4.9.3/armv7-m/crtend.o
LOAD c:/program files (x86)/gnu tools arm embedded/4.9 2015q3/bin/../lib/gcc/arm-none-eabi/4.9.3/armv7-m/crtn.o
OUTPUT(anssip.elf elf32-littlearm)

.ARM.attributes
                0x00000000       0x29
 .ARM.attributes
                0x00000000       0x1d c:/program files (x86)/gnu tools arm embedded/4.9 2015q3/bin/../lib/gcc/arm-none-eabi/4.9.3/armv7-m/crti.o
 .ARM.attributes
                0x0000001d       0x2d c:/program files (x86)/gnu tools arm embedded/4.9 2015q3/bin/../lib/gcc/arm-none-eabi/4.9.3/armv7-m/crtbegin.o
 .ARM.attributes
                0x0000004a       0x33 ..\obj\stm32f10x_rcc.o
 .ARM.attributes
                0x0000007d       0x33 ..\obj\stm32f10x_gpio.o
 .ARM.attributes
                0x000000b0       0x33 ..\obj\I2C.o
 .ARM.attributes
                0x000000e3       0x21 ..\obj\startup_stm32f10x_hd.o
 .ARM.attributes
                0x00000104       0x33 ..\obj\LiquidCrystal_I2C.o
 .ARM.attributes
                0x00000137       0x33 ..\obj\stm32f10x_i2c.o
 .ARM.attributes
                0x0000016a       0x33 ..\obj\delay.o
 .ARM.attributes
                0x0000019d       0x21 ..\obj\sh_cmd.o
 .ARM.attributes
                0x000001be       0x33 ..\obj\system_stm32f10x.o
 .ARM.attributes
                0x000001f1       0x33 ..\obj\main.o
 .ARM.attributes
                0x00000224       0x2d c:/program files (x86)/gnu tools arm embedded/4.9 2015q3/bin/../lib/gcc/arm-none-eabi/4.9.3/../../../../arm-none-eabi/lib/armv7-m\libg.a(lib_a-impure.o)
 .ARM.attributes
                0x00000251       0x2d c:/program files (x86)/gnu tools arm embedded/4.9 2015q3/bin/../lib/gcc/arm-none-eabi/4.9.3/../../../../arm-none-eabi/lib/armv7-m\libg.a(lib_a-__call_atexit.o)
 .ARM.attributes
                0x0000027e       0x2d c:/program files (x86)/gnu tools arm embedded/4.9 2015q3/bin/../lib/gcc/arm-none-eabi/4.9.3/../../../../arm-none-eabi/lib/armv7-m\libg.a(lib_a-atexit.o)
 .ARM.attributes
                0x000002ab       0x2d c:/program files (x86)/gnu tools arm embedded/4.9 2015q3/bin/../lib/gcc/arm-none-eabi/4.9.3/../../../../arm-none-eabi/lib/armv7-m\libg.a(lib_a-fini.o)
 .ARM.attributes
                0x000002d8       0x2d c:/program files (x86)/gnu tools arm embedded/4.9 2015q3/bin/../lib/gcc/arm-none-eabi/4.9.3/../../../../arm-none-eabi/lib/armv7-m\libg.a(lib_a-__atexit.o)
 .ARM.attributes
                0x00000305       0x2d c:/program files (x86)/gnu tools arm embedded/4.9 2015q3/bin/../lib/gcc/arm-none-eabi/4.9.3/armv7-m/crtend.o
 .ARM.attributes
                0x00000332       0x1d c:/program files (x86)/gnu tools arm embedded/4.9 2015q3/bin/../lib/gcc/arm-none-eabi/4.9.3/armv7-m/crtn.o

.comment        0x00000000       0x70
 .comment       0x00000000       0x70 ..\obj\stm32f10x_rcc.o
                                 0x71 (size before relaxing)
 .comment       0x00000000       0x71 ..\obj\stm32f10x_gpio.o
 .comment       0x00000000       0x71 ..\obj\I2C.o
 .comment       0x00000000       0x71 ..\obj\LiquidCrystal_I2C.o
 .comment       0x00000000       0x71 ..\obj\stm32f10x_i2c.o
 .comment       0x00000000       0x71 ..\obj\delay.o
 .comment       0x00000000       0x71 ..\obj\system_stm32f10x.o
 .comment       0x00000000       0x71 ..\obj\main.o

.debug_info     0x00000000     0x2dac
 .debug_info    0x00000000      0x88d ..\obj\stm32f10x_rcc.o
 .debug_info    0x0000088d      0x6e7 ..\obj\stm32f10x_gpio.o
 .debug_info    0x00000f74      0x448 ..\obj\I2C.o
 .debug_info    0x000013bc       0xce ..\obj\startup_stm32f10x_hd.o
 .debug_info    0x0000148a      0x69d ..\obj\LiquidCrystal_I2C.o
 .debug_info    0x00001b27      0xb00 ..\obj\stm32f10x_i2c.o
 .debug_info    0x00002627      0x17f ..\obj\delay.o
 .debug_info    0x000027a6       0xbc ..\obj\sh_cmd.o
 .debug_info    0x00002862      0x479 ..\obj\system_stm32f10x.o
 .debug_info    0x00002cdb       0xd1 ..\obj\main.o

.debug_abbrev   0x00000000      0xab5
 .debug_abbrev  0x00000000      0x1ba ..\obj\stm32f10x_rcc.o
 .debug_abbrev  0x000001ba      0x1c8 ..\obj\stm32f10x_gpio.o
 .debug_abbrev  0x00000382      0x15b ..\obj\I2C.o
 .debug_abbrev  0x000004dd       0x12 ..\obj\startup_stm32f10x_hd.o
 .debug_abbrev  0x000004ef      0x1ed ..\obj\LiquidCrystal_I2C.o
 .debug_abbrev  0x000006dc      0x164 ..\obj\stm32f10x_i2c.o
 .debug_abbrev  0x00000840       0xa1 ..\obj\delay.o
 .debug_abbrev  0x000008e1       0x14 ..\obj\sh_cmd.o
 .debug_abbrev  0x000008f5      0x14c ..\obj\system_stm32f10x.o
 .debug_abbrev  0x00000a41       0x74 ..\obj\main.o

.debug_aranges  0x00000000      0x148
 .debug_aranges
                0x00000000       0x20 ..\obj\stm32f10x_rcc.o
 .debug_aranges
                0x00000020       0x20 ..\obj\stm32f10x_gpio.o
 .debug_aranges
                0x00000040       0x20 ..\obj\I2C.o
 .debug_aranges
                0x00000060       0x28 ..\obj\startup_stm32f10x_hd.o
 .debug_aranges
                0x00000088       0x20 ..\obj\LiquidCrystal_I2C.o
 .debug_aranges
                0x000000a8       0x20 ..\obj\stm32f10x_i2c.o
 .debug_aranges
                0x000000c8       0x20 ..\obj\delay.o
 .debug_aranges
                0x000000e8       0x20 ..\obj\sh_cmd.o
 .debug_aranges
                0x00000108       0x20 ..\obj\system_stm32f10x.o
 .debug_aranges
                0x00000128       0x20 ..\obj\main.o

.debug_line     0x00000000     0x15f3
 .debug_line    0x00000000      0x31f ..\obj\stm32f10x_rcc.o
 .debug_line    0x0000031f      0x2c4 ..\obj\stm32f10x_gpio.o
 .debug_line    0x000005e3      0x286 ..\obj\I2C.o
 .debug_line    0x00000869       0xcd ..\obj\startup_stm32f10x_hd.o
 .debug_line    0x00000936      0x2ea ..\obj\LiquidCrystal_I2C.o
 .debug_line    0x00000c20      0x31f ..\obj\stm32f10x_i2c.o
 .debug_line    0x00000f3f      0x237 ..\obj\delay.o
 .debug_line    0x00001176       0xa1 ..\obj\sh_cmd.o
 .debug_line    0x00001217      0x246 ..\obj\system_stm32f10x.o
 .debug_line    0x0000145d      0x196 ..\obj\main.o

.debug_str      0x00000000     0x1385
 .debug_str     0x00000000      0x5ae ..\obj\stm32f10x_rcc.o
                                0x639 (size before relaxing)
 .debug_str     0x000005ae      0x3b0 ..\obj\stm32f10x_gpio.o
                                0x538 (size before relaxing)
 .debug_str     0x0000095e      0x18c ..\obj\I2C.o
                                0x416 (size before relaxing)
 .debug_str     0x00000aea      0x35b ..\obj\LiquidCrystal_I2C.o
                                0x57c (size before relaxing)
 .debug_str     0x00000e45      0x371 ..\obj\stm32f10x_i2c.o
                                0x685 (size before relaxing)
 .debug_str     0x000011b6       0x65 ..\obj\delay.o
                                0x1fc (size before relaxing)
 .debug_str     0x0000121b      0x133 ..\obj\system_stm32f10x.o
                                0x30f (size before relaxing)
 .debug_str     0x0000134e       0x37 ..\obj\main.o
                                0x163 (size before relaxing)

.debug_frame    0x00000000     0x1398
 .debug_frame   0x00000000      0x4f4 ..\obj\stm32f10x_rcc.o
 .debug_frame   0x000004f4      0x2d0 ..\obj\stm32f10x_gpio.o
 .debug_frame   0x000007c4       0x98 ..\obj\I2C.o
 .debug_frame   0x0000085c      0x418 ..\obj\LiquidCrystal_I2C.o
 .debug_frame   0x00000c74      0x530 ..\obj\stm32f10x_i2c.o
 .debug_frame   0x000011a4       0x58 ..\obj\delay.o
 .debug_frame   0x000011fc       0x98 ..\obj\system_stm32f10x.o
 .debug_frame   0x00001294       0x2c ..\obj\main.o
 .debug_frame   0x000012c0       0x50 c:/program files (x86)/gnu tools arm embedded/4.9 2015q3/bin/../lib/gcc/arm-none-eabi/4.9.3/../../../../arm-none-eabi/lib/armv7-m\libg.a(lib_a-__call_atexit.o)
 .debug_frame   0x00001310       0x20 c:/program files (x86)/gnu tools arm embedded/4.9 2015q3/bin/../lib/gcc/arm-none-eabi/4.9.3/../../../../arm-none-eabi/lib/armv7-m\libg.a(lib_a-atexit.o)
 .debug_frame   0x00001330       0x34 c:/program files (x86)/gnu tools arm embedded/4.9 2015q3/bin/../lib/gcc/arm-none-eabi/4.9.3/../../../../arm-none-eabi/lib/armv7-m\libg.a(lib_a-fini.o)
 .debug_frame   0x00001364       0x34 c:/program files (x86)/gnu tools arm embedded/4.9 2015q3/bin/../lib/gcc/arm-none-eabi/4.9.3/../../../../arm-none-eabi/lib/armv7-m\libg.a(lib_a-__atexit.o)

.debug_ranges   0x00000000       0x20
 .debug_ranges  0x00000000       0x20 ..\obj\startup_stm32f10x_hd.o
