Archive member included because of file (symbol)

c:/program files (x86)/gnu tools arm embedded/4.9 2015q3/bin/../lib/gcc/arm-none-eabi/4.9.3/../../../../arm-none-eabi/lib/armv7-m\libg.a(lib_a-exit.o)
                              c:/program files (x86)/gnu tools arm embedded/4.9 2015q3/bin/../lib/gcc/arm-none-eabi/4.9.3/../../../../arm-none-eabi/lib/armv7-m/crt0.o (exit)
c:/program files (x86)/gnu tools arm embedded/4.9 2015q3/bin/../lib/gcc/arm-none-eabi/4.9.3/../../../../arm-none-eabi/lib/armv7-m\libg.a(lib_a-impure.o)
                              c:/program files (x86)/gnu tools arm embedded/4.9 2015q3/bin/../lib/gcc/arm-none-eabi/4.9.3/../../../../arm-none-eabi/lib/armv7-m\libg.a(lib_a-exit.o) (_global_impure_ptr)
c:/program files (x86)/gnu tools arm embedded/4.9 2015q3/bin/../lib/gcc/arm-none-eabi/4.9.3/../../../../arm-none-eabi/lib/armv7-m\libg.a(lib_a-init.o)
                              c:/program files (x86)/gnu tools arm embedded/4.9 2015q3/bin/../lib/gcc/arm-none-eabi/4.9.3/../../../../arm-none-eabi/lib/armv7-m/crt0.o (__libc_init_array)
c:/program files (x86)/gnu tools arm embedded/4.9 2015q3/bin/../lib/gcc/arm-none-eabi/4.9.3/../../../../arm-none-eabi/lib/armv7-m\libg.a(lib_a-memset.o)
                              c:/program files (x86)/gnu tools arm embedded/4.9 2015q3/bin/../lib/gcc/arm-none-eabi/4.9.3/../../../../arm-none-eabi/lib/armv7-m/crt0.o (memset)
c:/program files (x86)/gnu tools arm embedded/4.9 2015q3/bin/../lib/gcc/arm-none-eabi/4.9.3/../../../../arm-none-eabi/lib/armv7-m\libg.a(lib_a-__call_atexit.o)
                              c:/program files (x86)/gnu tools arm embedded/4.9 2015q3/bin/../lib/gcc/arm-none-eabi/4.9.3/../../../../arm-none-eabi/lib/armv7-m\libg.a(lib_a-exit.o) (__call_exitprocs)
c:/program files (x86)/gnu tools arm embedded/4.9 2015q3/bin/../lib/gcc/arm-none-eabi/4.9.3/../../../../arm-none-eabi/lib/armv7-m\libg.a(lib_a-atexit.o)
                              c:/program files (x86)/gnu tools arm embedded/4.9 2015q3/bin/../lib/gcc/arm-none-eabi/4.9.3/../../../../arm-none-eabi/lib/armv7-m\libg.a(lib_a-__call_atexit.o) (atexit)
c:/program files (x86)/gnu tools arm embedded/4.9 2015q3/bin/../lib/gcc/arm-none-eabi/4.9.3/../../../../arm-none-eabi/lib/armv7-m\libg.a(lib_a-fini.o)
                              c:/program files (x86)/gnu tools arm embedded/4.9 2015q3/bin/../lib/gcc/arm-none-eabi/4.9.3/../../../../arm-none-eabi/lib/armv7-m\libg.a(lib_a-__call_atexit.o) (__libc_fini_array)
c:/program files (x86)/gnu tools arm embedded/4.9 2015q3/bin/../lib/gcc/arm-none-eabi/4.9.3/../../../../arm-none-eabi/lib/armv7-m\libg.a(lib_a-__atexit.o)
                              c:/program files (x86)/gnu tools arm embedded/4.9 2015q3/bin/../lib/gcc/arm-none-eabi/4.9.3/../../../../arm-none-eabi/lib/armv7-m\libg.a(lib_a-atexit.o) (__register_exitproc)

Allocating common symbols
Common symbol       size              file

I2CDMA_InitStructure
                    0x2c              ..\obj\i2c_dma.o
Address             0x1               ..\obj\i2c_dma.o
NumbOfBytes2        0x4               ..\obj\i2c_dma.o
NumbOfBytes1        0x4               ..\obj\i2c_dma.o
received_string     0xc8              ..\obj\usart.o

Discarded input sections

 .text          0x00000000        0x0 c:/program files (x86)/gnu tools arm embedded/4.9 2015q3/bin/../lib/gcc/arm-none-eabi/4.9.3/armv7-m/crti.o
 .data          0x00000000        0x0 c:/program files (x86)/gnu tools arm embedded/4.9 2015q3/bin/../lib/gcc/arm-none-eabi/4.9.3/armv7-m/crti.o
 .bss           0x00000000        0x0 c:/program files (x86)/gnu tools arm embedded/4.9 2015q3/bin/../lib/gcc/arm-none-eabi/4.9.3/armv7-m/crti.o
 .data          0x00000000        0x4 c:/program files (x86)/gnu tools arm embedded/4.9 2015q3/bin/../lib/gcc/arm-none-eabi/4.9.3/armv7-m/crtbegin.o
 .text          0x00000000       0x74 c:/program files (x86)/gnu tools arm embedded/4.9 2015q3/bin/../lib/gcc/arm-none-eabi/4.9.3/../../../../arm-none-eabi/lib/armv7-m/crt0.o
 .data          0x00000000        0x0 c:/program files (x86)/gnu tools arm embedded/4.9 2015q3/bin/../lib/gcc/arm-none-eabi/4.9.3/../../../../arm-none-eabi/lib/armv7-m/crt0.o
 .bss           0x00000000        0x0 c:/program files (x86)/gnu tools arm embedded/4.9 2015q3/bin/../lib/gcc/arm-none-eabi/4.9.3/../../../../arm-none-eabi/lib/armv7-m/crt0.o
 .ARM.extab     0x00000000        0x0 c:/program files (x86)/gnu tools arm embedded/4.9 2015q3/bin/../lib/gcc/arm-none-eabi/4.9.3/../../../../arm-none-eabi/lib/armv7-m/crt0.o
 .ARM.exidx     0x00000000        0x8 c:/program files (x86)/gnu tools arm embedded/4.9 2015q3/bin/../lib/gcc/arm-none-eabi/4.9.3/../../../../arm-none-eabi/lib/armv7-m/crt0.o
 .ARM.attributes
                0x00000000       0x1b c:/program files (x86)/gnu tools arm embedded/4.9 2015q3/bin/../lib/gcc/arm-none-eabi/4.9.3/../../../../arm-none-eabi/lib/armv7-m/crt0.o
 .text          0x00000000      0x94c ..\obj\stm32f10x_fsmc.o
 .data          0x00000000        0x0 ..\obj\stm32f10x_fsmc.o
 .bss           0x00000000        0x0 ..\obj\stm32f10x_fsmc.o
 .debug_info    0x00000000      0x8f4 ..\obj\stm32f10x_fsmc.o
 .debug_abbrev  0x00000000      0x170 ..\obj\stm32f10x_fsmc.o
 .debug_aranges
                0x00000000       0x20 ..\obj\stm32f10x_fsmc.o
 .debug_line    0x00000000      0x355 ..\obj\stm32f10x_fsmc.o
 .debug_str     0x00000000      0x799 ..\obj\stm32f10x_fsmc.o
 .comment       0x00000000       0x71 ..\obj\stm32f10x_fsmc.o
 .debug_frame   0x00000000      0x300 ..\obj\stm32f10x_fsmc.o
 .ARM.attributes
                0x00000000       0x33 ..\obj\stm32f10x_fsmc.o
 .data          0x00000000        0x0 ..\obj\delay.o
 .bss           0x00000000        0x0 ..\obj\delay.o
 .data          0x00000000        0x0 ..\obj\usart.o
 .data          0x00000000        0x0 ..\obj\stm32f10x_gpio.o
 .bss           0x00000000        0x0 ..\obj\stm32f10x_gpio.o
 .bss           0x00000000        0x0 ..\obj\stm32f10x_rcc.o
 .data          0x00000000        0x0 ..\obj\stm32f10x_dma.o
 .bss           0x00000000        0x0 ..\obj\stm32f10x_dma.o
 .text          0x00000000      0x514 ..\obj\stm32f10x_sdio.o
 .data          0x00000000        0x0 ..\obj\stm32f10x_sdio.o
 .bss           0x00000000        0x0 ..\obj\stm32f10x_sdio.o
 .debug_info    0x00000000      0x7ed ..\obj\stm32f10x_sdio.o
 .debug_abbrev  0x00000000      0x1af ..\obj\stm32f10x_sdio.o
 .debug_aranges
                0x00000000       0x20 ..\obj\stm32f10x_sdio.o
 .debug_line    0x00000000      0x2b0 ..\obj\stm32f10x_sdio.o
 .debug_str     0x00000000      0x64f ..\obj\stm32f10x_sdio.o
 .comment       0x00000000       0x71 ..\obj\stm32f10x_sdio.o
 .debug_frame   0x00000000      0x490 ..\obj\stm32f10x_sdio.o
 .ARM.attributes
                0x00000000       0x33 ..\obj\stm32f10x_sdio.o
 .data          0x00000000        0x0 ..\obj\misc.o
 .bss           0x00000000        0x0 ..\obj\misc.o
 .data          0x00000000        0x0 ..\obj\stm32f10x_i2c.o
 .bss           0x00000000        0x0 ..\obj\stm32f10x_i2c.o
 .text          0x00000000      0x1ac ..\obj\stm32f10x_pwr.o
 .data          0x00000000        0x0 ..\obj\stm32f10x_pwr.o
 .bss           0x00000000        0x0 ..\obj\stm32f10x_pwr.o
 .debug_info    0x00000000      0x483 ..\obj\stm32f10x_pwr.o
 .debug_abbrev  0x00000000      0x18e ..\obj\stm32f10x_pwr.o
 .debug_aranges
                0x00000000       0x20 ..\obj\stm32f10x_pwr.o
 .debug_line    0x00000000      0x23a ..\obj\stm32f10x_pwr.o
 .debug_str     0x00000000      0x341 ..\obj\stm32f10x_pwr.o
 .comment       0x00000000       0x71 ..\obj\stm32f10x_pwr.o
 .debug_frame   0x00000000      0x164 ..\obj\stm32f10x_pwr.o
 .ARM.attributes
                0x00000000       0x33 ..\obj\stm32f10x_pwr.o
 .text          0x00000000       0x70 ..\obj\stm32f10x_dbgmcu.o
 .data          0x00000000        0x0 ..\obj\stm32f10x_dbgmcu.o
 .bss           0x00000000        0x0 ..\obj\stm32f10x_dbgmcu.o
 .debug_info    0x00000000      0x15e ..\obj\stm32f10x_dbgmcu.o
 .debug_abbrev  0x00000000       0xde ..\obj\stm32f10x_dbgmcu.o
 .debug_aranges
                0x00000000       0x20 ..\obj\stm32f10x_dbgmcu.o
 .debug_line    0x00000000      0x1e4 ..\obj\stm32f10x_dbgmcu.o
 .debug_str     0x00000000      0x211 ..\obj\stm32f10x_dbgmcu.o
 .comment       0x00000000       0x71 ..\obj\stm32f10x_dbgmcu.o
 .debug_frame   0x00000000       0x78 ..\obj\stm32f10x_dbgmcu.o
 .ARM.attributes
                0x00000000       0x33 ..\obj\stm32f10x_dbgmcu.o
 .text          0x00000000       0x14 ..\obj\startup_stm32f10x_md.o
 .data          0x00000000        0x0 ..\obj\startup_stm32f10x_md.o
 .bss           0x00000000        0x0 ..\obj\startup_stm32f10x_md.o
 .text          0x00000000      0x290 ..\obj\stm32f10x_cec.o
 .data          0x00000000        0x0 ..\obj\stm32f10x_cec.o
 .bss           0x00000000        0x0 ..\obj\stm32f10x_cec.o
 .debug_info    0x00000000      0x41d ..\obj\stm32f10x_cec.o
 .debug_abbrev  0x00000000      0x1ae ..\obj\stm32f10x_cec.o
 .debug_aranges
                0x00000000       0x20 ..\obj\stm32f10x_cec.o
 .debug_line    0x00000000      0x24e ..\obj\stm32f10x_cec.o
 .debug_str     0x00000000      0x395 ..\obj\stm32f10x_cec.o
 .comment       0x00000000       0x71 ..\obj\stm32f10x_cec.o
 .debug_frame   0x00000000      0x224 ..\obj\stm32f10x_cec.o
 .ARM.attributes
                0x00000000       0x33 ..\obj\stm32f10x_cec.o
 .bss           0x00000000        0x0 ..\obj\system_stm32f10x.o
 .text          0x00000000      0xfa8 ..\obj\stm32f10x_can.o
 .data          0x00000000        0x0 ..\obj\stm32f10x_can.o
 .bss           0x00000000        0x0 ..\obj\stm32f10x_can.o
 .debug_info    0x00000000      0xb9c ..\obj\stm32f10x_can.o
 .debug_abbrev  0x00000000      0x1f3 ..\obj\stm32f10x_can.o
 .debug_aranges
                0x00000000       0x20 ..\obj\stm32f10x_can.o
 .debug_line    0x00000000      0x40a ..\obj\stm32f10x_can.o
 .debug_str     0x00000000      0x74d ..\obj\stm32f10x_can.o
 .comment       0x00000000       0x71 ..\obj\stm32f10x_can.o
 .debug_frame   0x00000000      0x3f0 ..\obj\stm32f10x_can.o
 .ARM.attributes
                0x00000000       0x33 ..\obj\stm32f10x_can.o
 .text          0x00000000      0x1c0 ..\obj\stm32f10x_bkp.o
 .data          0x00000000        0x0 ..\obj\stm32f10x_bkp.o
 .bss           0x00000000        0x0 ..\obj\stm32f10x_bkp.o
 .debug_info    0x00000000      0x79e ..\obj\stm32f10x_bkp.o
 .debug_abbrev  0x00000000      0x172 ..\obj\stm32f10x_bkp.o
 .debug_aranges
                0x00000000       0x20 ..\obj\stm32f10x_bkp.o
 .debug_line    0x00000000      0x215 ..\obj\stm32f10x_bkp.o
 .debug_str     0x00000000      0x5d4 ..\obj\stm32f10x_bkp.o
 .comment       0x00000000       0x71 ..\obj\stm32f10x_bkp.o
 .debug_frame   0x00000000      0x1c4 ..\obj\stm32f10x_bkp.o
 .ARM.attributes
                0x00000000       0x33 ..\obj\stm32f10x_bkp.o
 .data          0x00000000        0x0 ..\obj\i2c_dma.o
 .text          0x00000000      0x96c ..\obj\stm32f10x_flash.o
 .data          0x00000000        0x0 ..\obj\stm32f10x_flash.o
 .bss           0x00000000        0x0 ..\obj\stm32f10x_flash.o
 .debug_info    0x00000000      0x7b3 ..\obj\stm32f10x_flash.o
 .debug_abbrev  0x00000000      0x162 ..\obj\stm32f10x_flash.o
 .debug_aranges
                0x00000000       0x20 ..\obj\stm32f10x_flash.o
 .debug_line    0x00000000      0x361 ..\obj\stm32f10x_flash.o
 .debug_str     0x00000000      0x607 ..\obj\stm32f10x_flash.o
 .comment       0x00000000       0x71 ..\obj\stm32f10x_flash.o
 .debug_frame   0x00000000      0x410 ..\obj\stm32f10x_flash.o
 .ARM.attributes
                0x00000000       0x33 ..\obj\stm32f10x_flash.o
 .text          0x00000000      0x108 ..\obj\syscalls.o
 .data          0x00000000        0x0 ..\obj\syscalls.o
 .bss           0x00000000        0x4 ..\obj\syscalls.o
 .debug_info    0x00000000      0x3ee ..\obj\syscalls.o
 .debug_abbrev  0x00000000       0xe2 ..\obj\syscalls.o
 .debug_aranges
                0x00000000       0x20 ..\obj\syscalls.o
 .debug_line    0x00000000      0x125 ..\obj\syscalls.o
 .debug_str     0x00000000      0x2dd ..\obj\syscalls.o
 .comment       0x00000000       0x71 ..\obj\syscalls.o
 .debug_frame   0x00000000      0x168 ..\obj\syscalls.o
 .ARM.attributes
                0x00000000       0x33 ..\obj\syscalls.o
 .text          0x00000000      0x6f4 ..\obj\stm32f10x_spi.o
 .data          0x00000000        0x0 ..\obj\stm32f10x_spi.o
 .bss           0x00000000        0x0 ..\obj\stm32f10x_spi.o
 .debug_info    0x00000000      0x8f3 ..\obj\stm32f10x_spi.o
 .debug_abbrev  0x00000000      0x17e ..\obj\stm32f10x_spi.o
 .debug_aranges
                0x00000000       0x20 ..\obj\stm32f10x_spi.o
 .debug_line    0x00000000      0x2e9 ..\obj\stm32f10x_spi.o
 .debug_str     0x00000000      0x61c ..\obj\stm32f10x_spi.o
 .comment       0x00000000       0x71 ..\obj\stm32f10x_spi.o
 .debug_frame   0x00000000      0x3a0 ..\obj\stm32f10x_spi.o
 .ARM.attributes
                0x00000000       0x33 ..\obj\stm32f10x_spi.o
 .text          0x00000000       0xc8 ..\obj\stm32f10x_iwdg.o
 .data          0x00000000        0x0 ..\obj\stm32f10x_iwdg.o
 .bss           0x00000000        0x0 ..\obj\stm32f10x_iwdg.o
 .debug_info    0x00000000      0x20a ..\obj\stm32f10x_iwdg.o
 .debug_abbrev  0x00000000      0x101 ..\obj\stm32f10x_iwdg.o
 .debug_aranges
                0x00000000       0x20 ..\obj\stm32f10x_iwdg.o
 .debug_line    0x00000000      0x1f3 ..\obj\stm32f10x_iwdg.o
 .debug_str     0x00000000      0x27b ..\obj\stm32f10x_iwdg.o
 .comment       0x00000000       0x71 ..\obj\stm32f10x_iwdg.o
 .debug_frame   0x00000000       0xf0 ..\obj\stm32f10x_iwdg.o
 .ARM.attributes
                0x00000000       0x33 ..\obj\stm32f10x_iwdg.o
 .text          0x00000000      0x118 ..\obj\stm32f10x_wwdg.o
 .data          0x00000000        0x0 ..\obj\stm32f10x_wwdg.o
 .bss           0x00000000        0x0 ..\obj\stm32f10x_wwdg.o
 .debug_info    0x00000000      0x22e ..\obj\stm32f10x_wwdg.o
 .debug_abbrev  0x00000000      0x117 ..\obj\stm32f10x_wwdg.o
 .debug_aranges
                0x00000000       0x20 ..\obj\stm32f10x_wwdg.o
 .debug_line    0x00000000      0x1fc ..\obj\stm32f10x_wwdg.o
 .debug_str     0x00000000      0x27c ..\obj\stm32f10x_wwdg.o
 .comment       0x00000000       0x71 ..\obj\stm32f10x_wwdg.o
 .debug_frame   0x00000000      0x12c ..\obj\stm32f10x_wwdg.o
 .ARM.attributes
                0x00000000       0x33 ..\obj\stm32f10x_wwdg.o
 .data          0x00000000      0x428 ..\obj\printf.o
 .bss           0x00000000        0x0 ..\obj\printf.o
 .text          0x00000000     0x1e10 ..\obj\stm32f10x_tim.o
 .data          0x00000000        0x0 ..\obj\stm32f10x_tim.o
 .bss           0x00000000        0x0 ..\obj\stm32f10x_tim.o
 .debug_info    0x00000000     0x1c58 ..\obj\stm32f10x_tim.o
 .debug_abbrev  0x00000000      0x1b0 ..\obj\stm32f10x_tim.o
 .debug_aranges
                0x00000000       0x20 ..\obj\stm32f10x_tim.o
 .debug_line    0x00000000      0x631 ..\obj\stm32f10x_tim.o
 .debug_str     0x00000000      0xdfc ..\obj\stm32f10x_tim.o
 .comment       0x00000000       0x71 ..\obj\stm32f10x_tim.o
 .debug_frame   0x00000000      0xe2c ..\obj\stm32f10x_tim.o
 .ARM.attributes
                0x00000000       0x33 ..\obj\stm32f10x_tim.o
 .text          0x00000000      0x2ac ..\obj\stm32f10x_rtc.o
 .data          0x00000000        0x0 ..\obj\stm32f10x_rtc.o
 .bss           0x00000000        0x0 ..\obj\stm32f10x_rtc.o
 .debug_info    0x00000000      0x437 ..\obj\stm32f10x_rtc.o
 .debug_abbrev  0x00000000      0x17e ..\obj\stm32f10x_rtc.o
 .debug_aranges
                0x00000000       0x20 ..\obj\stm32f10x_rtc.o
 .debug_line    0x00000000      0x239 ..\obj\stm32f10x_rtc.o
 .debug_str     0x00000000      0x3c1 ..\obj\stm32f10x_rtc.o
 .comment       0x00000000       0x71 ..\obj\stm32f10x_rtc.o
 .debug_frame   0x00000000      0x214 ..\obj\stm32f10x_rtc.o
 .ARM.attributes
                0x00000000       0x33 ..\obj\stm32f10x_rtc.o
 .data          0x00000000        0x0 ..\obj\stm32f10x_usart.o
 .bss           0x00000000        0x0 ..\obj\stm32f10x_usart.o
 .text          0x00000000       0xcc ..\obj\semihosting.o
 .data          0x00000000        0x0 ..\obj\semihosting.o
 .bss           0x00000000       0x11 ..\obj\semihosting.o
 .debug_info    0x00000000      0x12b ..\obj\semihosting.o
 .debug_abbrev  0x00000000       0xab ..\obj\semihosting.o
 .debug_aranges
                0x00000000       0x20 ..\obj\semihosting.o
 .debug_line    0x00000000       0xb7 ..\obj\semihosting.o
 .debug_str     0x00000000      0x196 ..\obj\semihosting.o
 .comment       0x00000000       0x71 ..\obj\semihosting.o
 .debug_frame   0x00000000       0x7c ..\obj\semihosting.o
 .ARM.attributes
                0x00000000       0x33 ..\obj\semihosting.o
 .text          0x00000000       0xd0 ..\obj\stm32f10x_crc.o
 .data          0x00000000        0x0 ..\obj\stm32f10x_crc.o
 .bss           0x00000000        0x0 ..\obj\stm32f10x_crc.o
 .debug_info    0x00000000      0x208 ..\obj\stm32f10x_crc.o
 .debug_abbrev  0x00000000      0x114 ..\obj\stm32f10x_crc.o
 .debug_aranges
                0x00000000       0x20 ..\obj\stm32f10x_crc.o
 .debug_line    0x00000000      0x1fc ..\obj\stm32f10x_crc.o
 .debug_str     0x00000000      0x25a ..\obj\stm32f10x_crc.o
 .comment       0x00000000       0x71 ..\obj\stm32f10x_crc.o
 .debug_frame   0x00000000       0xe8 ..\obj\stm32f10x_crc.o
 .ARM.attributes
                0x00000000       0x33 ..\obj\stm32f10x_crc.o
 .text          0x00000000      0x11c ..\obj\spi.o
 .data          0x00000000        0x0 ..\obj\spi.o
 .bss           0x00000000        0x0 ..\obj\spi.o
 .debug_info    0x00000000      0x478 ..\obj\spi.o
 .debug_abbrev  0x00000000      0x158 ..\obj\spi.o
 .debug_aranges
                0x00000000       0x20 ..\obj\spi.o
 .debug_line    0x00000000      0x282 ..\obj\spi.o
 .debug_str     0x00000000      0x448 ..\obj\spi.o
 .comment       0x00000000       0x71 ..\obj\spi.o
 .debug_frame   0x00000000       0x9c ..\obj\spi.o
 .ARM.attributes
                0x00000000       0x33 ..\obj\spi.o
 .data          0x00000000        0x0 ..\obj\sh_cmd.o
 .bss           0x00000000        0x0 ..\obj\sh_cmd.o
 .text          0x00000000      0xa3c ..\obj\stm32f10x_adc.o
 .data          0x00000000        0x0 ..\obj\stm32f10x_adc.o
 .bss           0x00000000        0x0 ..\obj\stm32f10x_adc.o
 .debug_info    0x00000000      0xb74 ..\obj\stm32f10x_adc.o
 .debug_abbrev  0x00000000      0x198 ..\obj\stm32f10x_adc.o
 .debug_aranges
                0x00000000       0x20 ..\obj\stm32f10x_adc.o
 .debug_line    0x00000000      0x336 ..\obj\stm32f10x_adc.o
 .debug_str     0x00000000      0x71a ..\obj\stm32f10x_adc.o
 .comment       0x00000000       0x71 ..\obj\stm32f10x_adc.o
 .debug_frame   0x00000000      0x5a4 ..\obj\stm32f10x_adc.o
 .ARM.attributes
                0x00000000       0x33 ..\obj\stm32f10x_adc.o
 .text          0x00000000      0x21c ..\obj\stm32f10x_exti.o
 .data          0x00000000        0x0 ..\obj\stm32f10x_exti.o
 .bss           0x00000000        0x0 ..\obj\stm32f10x_exti.o
 .debug_info    0x00000000      0x343 ..\obj\stm32f10x_exti.o
 .debug_abbrev  0x00000000      0x17a ..\obj\stm32f10x_exti.o
 .debug_aranges
                0x00000000       0x20 ..\obj\stm32f10x_exti.o
 .debug_line    0x00000000      0x237 ..\obj\stm32f10x_exti.o
 .debug_str     0x00000000      0x368 ..\obj\stm32f10x_exti.o
 .comment       0x00000000       0x71 ..\obj\stm32f10x_exti.o
 .debug_frame   0x00000000      0x148 ..\obj\stm32f10x_exti.o
 .ARM.attributes
                0x00000000       0x33 ..\obj\stm32f10x_exti.o
 .text          0x00000000      0x304 ..\obj\stm32f10x_dac.o
 .data          0x00000000        0x0 ..\obj\stm32f10x_dac.o
 .bss           0x00000000        0x0 ..\obj\stm32f10x_dac.o
 .debug_info    0x00000000      0x4b0 ..\obj\stm32f10x_dac.o
 .debug_abbrev  0x00000000      0x173 ..\obj\stm32f10x_dac.o
 .debug_aranges
                0x00000000       0x20 ..\obj\stm32f10x_dac.o
 .debug_line    0x00000000      0x247 ..\obj\stm32f10x_dac.o
 .debug_str     0x00000000      0x3ce ..\obj\stm32f10x_dac.o
 .comment       0x00000000       0x71 ..\obj\stm32f10x_dac.o
 .debug_frame   0x00000000      0x1e4 ..\obj\stm32f10x_dac.o
 .ARM.attributes
                0x00000000       0x33 ..\obj\stm32f10x_dac.o
 .data          0x00000000        0x0 ..\obj\main.o
 .bss           0x00000000        0x0 ..\obj\main.o
 .text          0x00000000        0x0 c:/program files (x86)/gnu tools arm embedded/4.9 2015q3/bin/../lib/gcc/arm-none-eabi/4.9.3/../../../../arm-none-eabi/lib/armv7-m\libg.a(lib_a-exit.o)
 .data          0x00000000        0x0 c:/program files (x86)/gnu tools arm embedded/4.9 2015q3/bin/../lib/gcc/arm-none-eabi/4.9.3/../../../../arm-none-eabi/lib/armv7-m\libg.a(lib_a-exit.o)
 .bss           0x00000000        0x0 c:/program files (x86)/gnu tools arm embedded/4.9 2015q3/bin/../lib/gcc/arm-none-eabi/4.9.3/../../../../arm-none-eabi/lib/armv7-m\libg.a(lib_a-exit.o)
 .text.exit     0x00000000       0x20 c:/program files (x86)/gnu tools arm embedded/4.9 2015q3/bin/../lib/gcc/arm-none-eabi/4.9.3/../../../../arm-none-eabi/lib/armv7-m\libg.a(lib_a-exit.o)
 .debug_frame   0x00000000       0x28 c:/program files (x86)/gnu tools arm embedded/4.9 2015q3/bin/../lib/gcc/arm-none-eabi/4.9.3/../../../../arm-none-eabi/lib/armv7-m\libg.a(lib_a-exit.o)
 .ARM.attributes
                0x00000000       0x2d c:/program files (x86)/gnu tools arm embedded/4.9 2015q3/bin/../lib/gcc/arm-none-eabi/4.9.3/../../../../arm-none-eabi/lib/armv7-m\libg.a(lib_a-exit.o)
 .text          0x00000000        0x0 c:/program files (x86)/gnu tools arm embedded/4.9 2015q3/bin/../lib/gcc/arm-none-eabi/4.9.3/../../../../arm-none-eabi/lib/armv7-m\libg.a(lib_a-impure.o)
 .data          0x00000000        0x0 c:/program files (x86)/gnu tools arm embedded/4.9 2015q3/bin/../lib/gcc/arm-none-eabi/4.9.3/../../../../arm-none-eabi/lib/armv7-m\libg.a(lib_a-impure.o)
 .bss           0x00000000        0x0 c:/program files (x86)/gnu tools arm embedded/4.9 2015q3/bin/../lib/gcc/arm-none-eabi/4.9.3/../../../../arm-none-eabi/lib/armv7-m\libg.a(lib_a-impure.o)
 .text          0x00000000        0x0 c:/program files (x86)/gnu tools arm embedded/4.9 2015q3/bin/../lib/gcc/arm-none-eabi/4.9.3/../../../../arm-none-eabi/lib/armv7-m\libg.a(lib_a-init.o)
 .data          0x00000000        0x0 c:/program files (x86)/gnu tools arm embedded/4.9 2015q3/bin/../lib/gcc/arm-none-eabi/4.9.3/../../../../arm-none-eabi/lib/armv7-m\libg.a(lib_a-init.o)
 .bss           0x00000000        0x0 c:/program files (x86)/gnu tools arm embedded/4.9 2015q3/bin/../lib/gcc/arm-none-eabi/4.9.3/../../../../arm-none-eabi/lib/armv7-m\libg.a(lib_a-init.o)
 .text.__libc_init_array
                0x00000000       0x50 c:/program files (x86)/gnu tools arm embedded/4.9 2015q3/bin/../lib/gcc/arm-none-eabi/4.9.3/../../../../arm-none-eabi/lib/armv7-m\libg.a(lib_a-init.o)
 .debug_frame   0x00000000       0x2c c:/program files (x86)/gnu tools arm embedded/4.9 2015q3/bin/../lib/gcc/arm-none-eabi/4.9.3/../../../../arm-none-eabi/lib/armv7-m\libg.a(lib_a-init.o)
 .ARM.attributes
                0x00000000       0x2d c:/program files (x86)/gnu tools arm embedded/4.9 2015q3/bin/../lib/gcc/arm-none-eabi/4.9.3/../../../../arm-none-eabi/lib/armv7-m\libg.a(lib_a-init.o)
 .text          0x00000000        0x0 c:/program files (x86)/gnu tools arm embedded/4.9 2015q3/bin/../lib/gcc/arm-none-eabi/4.9.3/../../../../arm-none-eabi/lib/armv7-m\libg.a(lib_a-memset.o)
 .data          0x00000000        0x0 c:/program files (x86)/gnu tools arm embedded/4.9 2015q3/bin/../lib/gcc/arm-none-eabi/4.9.3/../../../../arm-none-eabi/lib/armv7-m\libg.a(lib_a-memset.o)
 .bss           0x00000000        0x0 c:/program files (x86)/gnu tools arm embedded/4.9 2015q3/bin/../lib/gcc/arm-none-eabi/4.9.3/../../../../arm-none-eabi/lib/armv7-m\libg.a(lib_a-memset.o)
 .text          0x00000000        0x0 c:/program files (x86)/gnu tools arm embedded/4.9 2015q3/bin/../lib/gcc/arm-none-eabi/4.9.3/../../../../arm-none-eabi/lib/armv7-m\libg.a(lib_a-__call_atexit.o)
 .data          0x00000000        0x0 c:/program files (x86)/gnu tools arm embedded/4.9 2015q3/bin/../lib/gcc/arm-none-eabi/4.9.3/../../../../arm-none-eabi/lib/armv7-m\libg.a(lib_a-__call_atexit.o)
 .bss           0x00000000        0x0 c:/program files (x86)/gnu tools arm embedded/4.9 2015q3/bin/../lib/gcc/arm-none-eabi/4.9.3/../../../../arm-none-eabi/lib/armv7-m\libg.a(lib_a-__call_atexit.o)
 .text.__call_exitprocs
                0x00000000       0xd4 c:/program files (x86)/gnu tools arm embedded/4.9 2015q3/bin/../lib/gcc/arm-none-eabi/4.9.3/../../../../arm-none-eabi/lib/armv7-m\libg.a(lib_a-__call_atexit.o)
 .text          0x00000000        0x0 c:/program files (x86)/gnu tools arm embedded/4.9 2015q3/bin/../lib/gcc/arm-none-eabi/4.9.3/../../../../arm-none-eabi/lib/armv7-m\libg.a(lib_a-atexit.o)
 .data          0x00000000        0x0 c:/program files (x86)/gnu tools arm embedded/4.9 2015q3/bin/../lib/gcc/arm-none-eabi/4.9.3/../../../../arm-none-eabi/lib/armv7-m\libg.a(lib_a-atexit.o)
 .bss           0x00000000        0x0 c:/program files (x86)/gnu tools arm embedded/4.9 2015q3/bin/../lib/gcc/arm-none-eabi/4.9.3/../../../../arm-none-eabi/lib/armv7-m\libg.a(lib_a-atexit.o)
 .text          0x00000000        0x0 c:/program files (x86)/gnu tools arm embedded/4.9 2015q3/bin/../lib/gcc/arm-none-eabi/4.9.3/../../../../arm-none-eabi/lib/armv7-m\libg.a(lib_a-fini.o)
 .data          0x00000000        0x0 c:/program files (x86)/gnu tools arm embedded/4.9 2015q3/bin/../lib/gcc/arm-none-eabi/4.9.3/../../../../arm-none-eabi/lib/armv7-m\libg.a(lib_a-fini.o)
 .bss           0x00000000        0x0 c:/program files (x86)/gnu tools arm embedded/4.9 2015q3/bin/../lib/gcc/arm-none-eabi/4.9.3/../../../../arm-none-eabi/lib/armv7-m\libg.a(lib_a-fini.o)
 .text          0x00000000        0x0 c:/program files (x86)/gnu tools arm embedded/4.9 2015q3/bin/../lib/gcc/arm-none-eabi/4.9.3/../../../../arm-none-eabi/lib/armv7-m\libg.a(lib_a-__atexit.o)
 .data          0x00000000        0x0 c:/program files (x86)/gnu tools arm embedded/4.9 2015q3/bin/../lib/gcc/arm-none-eabi/4.9.3/../../../../arm-none-eabi/lib/armv7-m\libg.a(lib_a-__atexit.o)
 .bss           0x00000000        0x0 c:/program files (x86)/gnu tools arm embedded/4.9 2015q3/bin/../lib/gcc/arm-none-eabi/4.9.3/../../../../arm-none-eabi/lib/armv7-m\libg.a(lib_a-__atexit.o)
 .text          0x00000000        0x0 c:/program files (x86)/gnu tools arm embedded/4.9 2015q3/bin/../lib/gcc/arm-none-eabi/4.9.3/armv7-m/crtend.o
 .data          0x00000000        0x0 c:/program files (x86)/gnu tools arm embedded/4.9 2015q3/bin/../lib/gcc/arm-none-eabi/4.9.3/armv7-m/crtend.o
 .bss           0x00000000        0x0 c:/program files (x86)/gnu tools arm embedded/4.9 2015q3/bin/../lib/gcc/arm-none-eabi/4.9.3/armv7-m/crtend.o
 .eh_frame      0x00000000        0x4 c:/program files (x86)/gnu tools arm embedded/4.9 2015q3/bin/../lib/gcc/arm-none-eabi/4.9.3/armv7-m/crtend.o
 .text          0x00000000        0x0 c:/program files (x86)/gnu tools arm embedded/4.9 2015q3/bin/../lib/gcc/arm-none-eabi/4.9.3/armv7-m/crtn.o
 .data          0x00000000        0x0 c:/program files (x86)/gnu tools arm embedded/4.9 2015q3/bin/../lib/gcc/arm-none-eabi/4.9.3/armv7-m/crtn.o
 .bss           0x00000000        0x0 c:/program files (x86)/gnu tools arm embedded/4.9 2015q3/bin/../lib/gcc/arm-none-eabi/4.9.3/armv7-m/crtn.o

Memory Configuration

Name             Origin             Length             Attributes
rom              0x08000000         0x00010000         xr
ram              0x20000000         0x00005000         xrw
*default*        0x00000000         0xffffffff

Linker script and memory map

LOAD c:/program files (x86)/gnu tools arm embedded/4.9 2015q3/bin/../lib/gcc/arm-none-eabi/4.9.3/armv7-m/crti.o
LOAD c:/program files (x86)/gnu tools arm embedded/4.9 2015q3/bin/../lib/gcc/arm-none-eabi/4.9.3/armv7-m/crtbegin.o
LOAD c:/program files (x86)/gnu tools arm embedded/4.9 2015q3/bin/../lib/gcc/arm-none-eabi/4.9.3/../../../../arm-none-eabi/lib/armv7-m/crt0.o
                0x20005000                _eram = 0x20005000

.text           0x08000000     0x49cc
 *(.isr_vector)
 .isr_vector    0x08000000      0x10c ..\obj\startup_stm32f10x_md.o
                0x08000000                g_pfnVectors
 *(.text*)
 .text          0x0800010c       0x5c c:/program files (x86)/gnu tools arm embedded/4.9 2015q3/bin/../lib/gcc/arm-none-eabi/4.9.3/armv7-m/crtbegin.o
 .text          0x08000168       0xf8 ..\obj\delay.o
                0x08000168                DWT_Init
                0x080001a8                DWT_Get
                0x080001c0                DWT_Compare
                0x080001e0                DWT_Delay
                0x08000220                delay_us
 .text          0x08000260      0x270 ..\obj\usart.o
                0x08000260                usart1_print
                0x08000294                usart2_print
                0x080002c8                USART1_Init
                0x0800034c                USART2_Init
                0x080003cc                usart_string_append
                0x080003f8                usart_get_previous_char
                0x08000424                usart_clear_string
                0x08000444                usart_get_string
                0x08000458                usart_get_string_length
                0x08000470                GetChar
                0x0800049c                SendChar
 .text          0x080004d0      0x5f8 ..\obj\stm32f10x_gpio.o
                0x080004d0                GPIO_DeInit
                0x080005b4                GPIO_AFIODeInit
                0x080005cc                GPIO_Init
                0x0800074c                GPIO_StructInit
                0x08000774                GPIO_ReadInputDataBit
                0x080007a8                GPIO_ReadInputData
                0x080007c4                GPIO_ReadOutputDataBit
                0x080007f8                GPIO_ReadOutputData
                0x08000814                GPIO_SetBits
                0x08000830                GPIO_ResetBits
                0x0800084c                GPIO_WriteBit
                0x0800087c                GPIO_Write
                0x08000898                GPIO_PinLockConfig
                0x080008dc                GPIO_EventOutputConfig
                0x08000928                GPIO_EventOutputCmd
                0x08000948                GPIO_PinRemapConfig
                0x08000a28                GPIO_EXTILineConfig
                0x08000aac                GPIO_ETH_MediaInterfaceConfig
 .text          0x08000ac8      0x7dc ..\obj\stm32f10x_rcc.o
                0x08000ac8                RCC_DeInit
                0x08000b24                RCC_HSEConfig
                0x08000b80                RCC_WaitForHSEStartUp
                0x08000bd0                RCC_AdjustHSICalibrationValue
                0x08000c0c                RCC_HSICmd
                0x08000c2c                RCC_PLLConfig
                0x08000c68                RCC_PLLCmd
                0x08000c88                RCC_SYSCLKConfig
                0x08000cc0                RCC_GetSYSCLKSource
                0x08000ce0                RCC_HCLKConfig
                0x08000d18                RCC_PCLK1Config
                0x08000d50                RCC_PCLK2Config
                0x08000d88                RCC_ITConfig
                0x08000dd4                RCC_USBCLKConfig
                0x08000df0                RCC_ADCCLKConfig
                0x08000e28                RCC_LSEConfig
                0x08000e68                RCC_LSICmd
                0x08000e88                RCC_RTCCLKConfig
                0x08000eac                RCC_RTCCLKCmd
                0x08000ecc                RCC_GetClocksFreq
                0x08001030                RCC_AHBPeriphClockCmd
                0x0800106c                RCC_APB2PeriphClockCmd
                0x080010a8                RCC_APB1PeriphClockCmd
                0x080010e4                RCC_APB2PeriphResetCmd
                0x08001120                RCC_APB1PeriphResetCmd
                0x0800115c                RCC_BackupResetCmd
                0x0800117c                RCC_ClockSecuritySystemCmd
                0x0800119c                RCC_MCOConfig
                0x080011bc                RCC_GetFlagStatus
                0x08001230                RCC_ClearFlag
                0x0800124c                RCC_GetITStatus
                0x08001284                RCC_ClearITPendingBit
 .text          0x080012a4      0x404 ..\obj\stm32f10x_dma.o
                0x080012a4                DMA_DeInit
                0x0800141c                DMA_Init
                0x08001498                DMA_StructInit
                0x080014ec                DMA_Cmd
                0x08001524                DMA_ITConfig
                0x08001560                DMA_SetCurrDataCounter
                0x0800157c                DMA_GetCurrDataCounter
                0x08001598                DMA_GetFlagStatus
                0x080015ec                DMA_ClearFlag
                0x08001620                DMA_GetITStatus
                0x08001674                DMA_ClearITPendingBit
 .text          0x080016a8      0x18c ..\obj\misc.o
                0x080016a8                NVIC_PriorityGroupConfig
                0x080016cc                NVIC_Init
                0x08001790                NVIC_SetVectorTable
                0x080017bc                NVIC_SystemLPConfig
                0x080017fc                SysTick_CLKSourceConfig
 .text          0x08001834      0x958 ..\obj\stm32f10x_i2c.o
                0x08001834                I2C_DeInit
                0x08001878                I2C_Init
                0x080019fc                I2C_StructInit
                0x08001a38                I2C_Cmd
                0x08001a78                I2C_DMACmd
                0x08001ab8                I2C_DMALastTransferCmd
                0x08001af8                I2C_GenerateSTART
                0x08001b38                I2C_GenerateSTOP
                0x08001b78                I2C_AcknowledgeConfig
                0x08001bb8                I2C_OwnAddress2Config
                0x08001bf8                I2C_DualAddressCmd
                0x08001c38                I2C_GeneralCallCmd
                0x08001c78                I2C_ITConfig
                0x08001cc0                I2C_SendData
                0x08001ce0                I2C_ReceiveData
                0x08001cfc                I2C_Send7bitAddress
                0x08001d38                I2C_ReadRegister
                0x08001d68                I2C_SoftwareResetCmd
                0x08001dac                I2C_NACKPositionConfig
                0x08001dec                I2C_SMBusAlertConfig
                0x08001e2c                I2C_TransmitPEC
                0x08001e6c                I2C_PECPositionConfig
                0x08001eac                I2C_CalculatePEC
                0x08001eec                I2C_GetPEC
                0x08001f0c                I2C_ARPCmd
                0x08001f4c                I2C_StretchClockCmd
                0x08001f8c                I2C_FastModeDutyCycleConfig
                0x08001fcc                I2C_CheckEvent
                0x0800202c                I2C_GetLastEvent
                0x08002070                I2C_GetFlagStatus
                0x080020d8                I2C_ClearFlag
                0x08002104                I2C_GetITStatus
                0x08002160                I2C_ClearITPendingBit
 .text.Reset_Handler
                0x0800218c       0x44 ..\obj\startup_stm32f10x_md.o
                0x0800218c                Reset_Handler
 .text.Default_Handler
                0x080021d0        0x2 ..\obj\startup_stm32f10x_md.o
                0x080021d0                EXTI2_IRQHandler
                0x080021d0                DebugMon_Handler
                0x080021d0                TIM1_CC_IRQHandler
                0x080021d0                SysTick_Handler
                0x080021d0                PVD_IRQHandler
                0x080021d0                PendSV_Handler
                0x080021d0                NMI_Handler
                0x080021d0                EXTI3_IRQHandler
                0x080021d0                EXTI0_IRQHandler
                0x080021d0                I2C2_EV_IRQHandler
                0x080021d0                UsageFault_Handler
                0x080021d0                ADC1_2_IRQHandler
                0x080021d0                SPI1_IRQHandler
                0x080021d0                TAMPER_IRQHandler
                0x080021d0                DMA1_Channel4_IRQHandler
                0x080021d0                USART3_IRQHandler
                0x080021d0                RTC_IRQHandler
                0x080021d0                DMA1_Channel7_IRQHandler
                0x080021d0                CAN1_RX1_IRQHandler
                0x080021d0                TIM4_IRQHandler
                0x080021d0                I2C1_EV_IRQHandler
                0x080021d0                DMA1_Channel6_IRQHandler
                0x080021d0                TIM3_IRQHandler
                0x080021d0                RCC_IRQHandler
                0x080021d0                TIM1_TRG_COM_IRQHandler
                0x080021d0                DMA1_Channel1_IRQHandler
                0x080021d0                Default_Handler
                0x080021d0                EXTI15_10_IRQHandler
                0x080021d0                EXTI9_5_IRQHandler
                0x080021d0                SPI2_IRQHandler
                0x080021d0                MemManage_Handler
                0x080021d0                SVC_Handler
                0x080021d0                DMA1_Channel5_IRQHandler
                0x080021d0                EXTI4_IRQHandler
                0x080021d0                USB_LP_CAN1_RX0_IRQHandler
                0x080021d0                USB_HP_CAN1_TX_IRQHandler
                0x080021d0                DMA1_Channel3_IRQHandler
                0x080021d0                TIM1_UP_IRQHandler
                0x080021d0                WWDG_IRQHandler
                0x080021d0                TIM2_IRQHandler
                0x080021d0                TIM1_BRK_IRQHandler
                0x080021d0                EXTI1_IRQHandler
                0x080021d0                RTCAlarm_IRQHandler
                0x080021d0                USART2_IRQHandler
                0x080021d0                I2C2_ER_IRQHandler
                0x080021d0                DMA1_Channel2_IRQHandler
                0x080021d0                CAN1_SCE_IRQHandler
                0x080021d0                FLASH_IRQHandler
                0x080021d0                BusFault_Handler
                0x080021d0                USART1_IRQHandler
                0x080021d0                I2C1_ER_IRQHandler
                0x080021d0                USBWakeUp_IRQHandler
 *fill*         0x080021d2        0x2 
 .text          0x080021d4      0x250 ..\obj\system_stm32f10x.o
                0x080021d4                SystemInit
                0x0800223c                SystemCoreClockUpdate
 .text          0x08002424      0xb88 ..\obj\i2c_dma.o
                0x08002424                I2C_Master_BufferRead
                0x0800298c                I2C_Master_BufferWrite
                0x08002c74                I2C_Slave_BufferReadWrite
                0x08002cd4                I2C_LowLevel_Init
                0x08002ec0                I2C_DMAConfig
 .text          0x08002fac      0x32c ..\obj\hd44780_i2c.o
                0x08002fac                hd44780_send
                0x08003074                hd44780_char
                0x08003094                hd44780_cmd
                0x080030b8                hd44780_print
                0x080030e4                hd44780_backlight
                0x0800313c                hd44780_go_to_line
                0x0800318c                hd44780_go_to
                0x080031c4                hd44780_cgram_write
                0x08003214                hd44780_init
                0x080032cc                hd44780_clear
 .text          0x080032d8      0x7b4 ..\obj\printf.o
                0x080032d8                PrintChar
                0x08003308                PrintCharPc
                0x08003338                PutChar
                0x08003358                PutString
                0x08003394                PutUnsignedInt
                0x08003434                PutSignedInt
                0x08003538                PutHexa
                0x08003610                vsnprintf
                0x0800386c                snprintf
                0x0800389c                vsprintf
                0x080038c0                vfprintf
                0x08003928                vprintf
                0x08003950                fprintf
                0x0800397c                printf
                0x080039a4                sprintf
                0x080039d0                puts
                0x080039f4                fputc
                0x08003a44                fputs
 .text          0x08003a8c      0x908 ..\obj\stm32f10x_usart.o
                0x08003a8c                USART_DeInit
                0x08003b44                USART_Init
                0x08003cb8                USART_StructInit
                0x08003cf0                USART_ClockInit
                0x08003d48                USART_ClockStructInit
                0x08003d74                USART_Cmd
                0x08003db4                USART_ITConfig
                0x08003e44                USART_DMACmd
                0x08003e8c                USART_SetAddress
                0x08003ec4                USART_WakeUpConfig
                0x08003efc                USART_ReceiverWakeUpCmd
                0x08003f3c                USART_LINBreakDetectLengthConfig
                0x08003f74                USART_LINCmd
                0x08003fb4                USART_SendData
                0x08003fd8                USART_ReceiveData
                0x08003ff8                USART_SendBreak
                0x0800401c                USART_SetGuardTime
                0x08004058                USART_SetPrescaler
                0x08004090                USART_SmartCardCmd
                0x080040d0                USART_SmartCardNACKCmd
                0x08004110                USART_HalfDuplexCmd
                0x08004150                USART_OverSampling8Cmd
                0x08004194                USART_OneBitMethodCmd
                0x080041d4                USART_IrDAConfig
                0x0800420c                USART_IrDACmd
                0x0800424c                USART_GetFlagStatus
                0x08004284                USART_ClearFlag
                0x080042a4                USART_GetITStatus
                0x0800435c                USART_ClearITPendingBit
 .text          0x08004394       0x28 ..\obj\sh_cmd.o
                0x08004394                SH_DoCommand
                0x080043a6                HardFault_Handler
 .text          0x080043bc      0x3a4 ..\obj\main.o
                0x08004440                main
                0x080045e4                atWait
                0x08004620                GetKeyUart1
                0x0800464c                SendCharUart1
                0x08004684                GetKeyUart2
                0x080046b0                SendCharUart2
                0x080046e8                LED_Init1
                0x08004718                NVIC_Configuration
 .text.memset   0x08004760       0x9c c:/program files (x86)/gnu tools arm embedded/4.9 2015q3/bin/../lib/gcc/arm-none-eabi/4.9.3/../../../../arm-none-eabi/lib/armv7-m\libg.a(lib_a-memset.o)
                0x08004760                memset
 .text.startup.register_fini
                0x080047fc       0x14 c:/program files (x86)/gnu tools arm embedded/4.9 2015q3/bin/../lib/gcc/arm-none-eabi/4.9.3/../../../../arm-none-eabi/lib/armv7-m\libg.a(lib_a-__call_atexit.o)
 .text.atexit   0x08004810        0xc c:/program files (x86)/gnu tools arm embedded/4.9 2015q3/bin/../lib/gcc/arm-none-eabi/4.9.3/../../../../arm-none-eabi/lib/armv7-m\libg.a(lib_a-atexit.o)
                0x08004810                atexit
 .text.__libc_fini_array
                0x0800481c       0x2c c:/program files (x86)/gnu tools arm embedded/4.9 2015q3/bin/../lib/gcc/arm-none-eabi/4.9.3/../../../../arm-none-eabi/lib/armv7-m\libg.a(lib_a-fini.o)
                0x0800481c                __libc_fini_array
 .text.__register_exitproc
                0x08004848       0xa4 c:/program files (x86)/gnu tools arm embedded/4.9 2015q3/bin/../lib/gcc/arm-none-eabi/4.9.3/../../../../arm-none-eabi/lib/armv7-m\libg.a(lib_a-__atexit.o)
                0x08004848                __register_exitproc
 *(.init)
 .init          0x080048ec        0x4 c:/program files (x86)/gnu tools arm embedded/4.9 2015q3/bin/../lib/gcc/arm-none-eabi/4.9.3/armv7-m/crti.o
                0x080048ec                _init
 .init          0x080048f0        0x8 c:/program files (x86)/gnu tools arm embedded/4.9 2015q3/bin/../lib/gcc/arm-none-eabi/4.9.3/armv7-m/crtn.o
 *(.fini)
 .fini          0x080048f8        0x4 c:/program files (x86)/gnu tools arm embedded/4.9 2015q3/bin/../lib/gcc/arm-none-eabi/4.9.3/armv7-m/crti.o
                0x080048f8                _fini
 .fini          0x080048fc        0x8 c:/program files (x86)/gnu tools arm embedded/4.9 2015q3/bin/../lib/gcc/arm-none-eabi/4.9.3/armv7-m/crtn.o
 *crtbegin.o(.ctors)
 *crtbegin?.o(.ctors)
 *(EXCLUDE_FILE(*crtend.o *crtend?.o) .ctors)
 *(SORT(.ctors.*))
 *(.ctors)
 *crtbegin.o(.dtors)
 *crtbegin?.o(.dtors)
 *(EXCLUDE_FILE(*crtend.o *crtend?.o) .dtors)
 *(SORT(.dtors.*))
 *(.dtors)
 *(.rodata*)
 .rodata        0x08004904       0x10 ..\obj\hd44780_i2c.o
 .rodata        0x08004914       0x24 ..\obj\printf.o
 .rodata        0x08004938       0x8a ..\obj\main.o
 *fill*         0x080049c2        0x2 
 .rodata.str1.4
                0x080049c4        0x4 c:/program files (x86)/gnu tools arm embedded/4.9 2015q3/bin/../lib/gcc/arm-none-eabi/4.9.3/../../../../arm-none-eabi/lib/armv7-m\libg.a(lib_a-impure.o)
                                  0x2 (size before relaxing)
 .rodata._global_impure_ptr
                0x080049c8        0x4 c:/program files (x86)/gnu tools arm embedded/4.9 2015q3/bin/../lib/gcc/arm-none-eabi/4.9.3/../../../../arm-none-eabi/lib/armv7-m\libg.a(lib_a-impure.o)
                0x080049c8                _global_impure_ptr
 *(.eh_fram e*)

.eh_frame       0x080049cc        0x0
 .eh_frame      0x080049cc        0x0 c:/program files (x86)/gnu tools arm embedded/4.9 2015q3/bin/../lib/gcc/arm-none-eabi/4.9.3/armv7-m/crtbegin.o

.glue_7         0x080049cc        0x0
 .glue_7        0x00000000        0x0 linker stubs

.glue_7t        0x080049cc        0x0
 .glue_7t       0x00000000        0x0 linker stubs

.vfp11_veneer   0x080049cc        0x0
 .vfp11_veneer  0x00000000        0x0 linker stubs

.v4_bx          0x080049cc        0x0
 .v4_bx         0x00000000        0x0 linker stubs

.iplt           0x080049cc        0x0
 .iplt          0x00000000        0x0 c:/program files (x86)/gnu tools arm embedded/4.9 2015q3/bin/../lib/gcc/arm-none-eabi/4.9.3/armv7-m/crtbegin.o

.rel.dyn        0x080049cc        0x0
 .rel.iplt      0x00000000        0x0 c:/program files (x86)/gnu tools arm embedded/4.9 2015q3/bin/../lib/gcc/arm-none-eabi/4.9.3/armv7-m/crtbegin.o

.ARM.extab
 *(.ARM.extab* .gnu.linkonce.armextab.*)
                0x080049cc                __exidx_start = .

.ARM.exidx
 *(.ARM.exidx* .gnu.linkonce.armexidx.*)
                0x080049cc                __exidx_end = .
                0x080049cc                __etext = .
                0x080049cc                _sidata = __etext

.data           0x20000000      0x46c load address 0x080049cc
                0x20000000                __data_start__ = .
                0x20000000                _sdata = __data_start__
 *(vtable)
 *(.data*)
 .data          0x20000000       0x14 ..\obj\stm32f10x_rcc.o
 .data          0x20000014       0x14 ..\obj\system_stm32f10x.o
                0x20000014                SystemCoreClock
                0x20000018                AHBPrescTable
 .data          0x20000028        0x4 ..\obj\hd44780_i2c.o
                0x20000028                backlight
                0x20000029                en
                0x2000002a                rw
                0x2000002b                rs
 *fill*         0x2000002c        0x4 
 .data.impure_data
                0x20000030      0x428 c:/program files (x86)/gnu tools arm embedded/4.9 2015q3/bin/../lib/gcc/arm-none-eabi/4.9.3/../../../../arm-none-eabi/lib/armv7-m\libg.a(lib_a-impure.o)
 .data._impure_ptr
                0x20000458        0x4 c:/program files (x86)/gnu tools arm embedded/4.9 2015q3/bin/../lib/gcc/arm-none-eabi/4.9.3/../../../../arm-none-eabi/lib/armv7-m\libg.a(lib_a-impure.o)
                0x20000458                _impure_ptr
                0x2000045c                . = ALIGN (0x4)
                0x2000045c                PROVIDE (__preinit_array_start, .)
 *(.preinit_array)
                0x2000045c                PROVIDE (__preinit_array_end, .)
                0x2000045c                . = ALIGN (0x4)
                0x2000045c                PROVIDE (__init_array_start, .)
 *(SORT(.init_array.*))
 .init_array.00000
                0x2000045c        0x4 c:/program files (x86)/gnu tools arm embedded/4.9 2015q3/bin/../lib/gcc/arm-none-eabi/4.9.3/../../../../arm-none-eabi/lib/armv7-m\libg.a(lib_a-__call_atexit.o)
 *(.init_array)
 .init_array    0x20000460        0x4 c:/program files (x86)/gnu tools arm embedded/4.9 2015q3/bin/../lib/gcc/arm-none-eabi/4.9.3/armv7-m/crtbegin.o
                0x20000464                PROVIDE (__init_array_end, .)
                0x20000464                . = ALIGN (0x4)
                0x20000464                PROVIDE (__fini_array_start, .)
 *(SORT(.fini_array.*))
 *(.fini_array)
 .fini_array    0x20000464        0x4 c:/program files (x86)/gnu tools arm embedded/4.9 2015q3/bin/../lib/gcc/arm-none-eabi/4.9.3/armv7-m/crtbegin.o
                0x20000468                PROVIDE (__fini_array_end, .)
 *(.jcr*)
 .jcr           0x20000468        0x0 c:/program files (x86)/gnu tools arm embedded/4.9 2015q3/bin/../lib/gcc/arm-none-eabi/4.9.3/armv7-m/crtbegin.o
 .jcr           0x20000468        0x4 c:/program files (x86)/gnu tools arm embedded/4.9 2015q3/bin/../lib/gcc/arm-none-eabi/4.9.3/armv7-m/crtend.o
                0x2000046c                . = ALIGN (0x4)
                0x2000046c                __data_end__ = .
                0x2000046c                _edata = __data_end__

.igot.plt       0x2000046c        0x0 load address 0x08004e38
 .igot.plt      0x00000000        0x0 c:/program files (x86)/gnu tools arm embedded/4.9 2015q3/bin/../lib/gcc/arm-none-eabi/4.9.3/armv7-m/crtbegin.o

.bss            0x2000046c      0x128 load address 0x08004e38
                0x2000046c                . = ALIGN (0x4)
                0x2000046c                __bss_start__ = .
                0x2000046c                _sbss = __bss_start__
 *(.bss*)
 .bss           0x2000046c       0x1c c:/program files (x86)/gnu tools arm embedded/4.9 2015q3/bin/../lib/gcc/arm-none-eabi/4.9.3/armv7-m/crtbegin.o
 .bss           0x20000488        0x4 ..\obj\usart.o
                0x20000488                received_count
 .bss           0x2000048c        0x4 ..\obj\i2c_dma.o
                0x2000048c                I2CDirection
 .bss           0x20000490        0x4 ..\obj\hd44780_i2c.o
                0x20000490                data
 *(COMMON)
 COMMON         0x20000494       0xc8 ..\obj\usart.o
                0x20000494                received_string
 COMMON         0x2000055c       0x38 ..\obj\i2c_dma.o
                0x2000055c                I2CDMA_InitStructure
                0x20000588                Address
                0x2000058c                NumbOfBytes2
                0x20000590                NumbOfBytes1
                0x20000594                . = ALIGN (0x4)
                0x20000594                __bss_end__ = .
                0x20000594                _ebss = __bss_end__

.heap           0x20000594        0x0
                0x20000594                __end__ = .
                0x20000594                _end = __end__
                0x20000594                end = __end__
 *(.heap*)
                0x20000594                __HeapLimit = .

.co_stack       0x20000594        0x4 load address 0x08004f60
                0x20000598                . = ALIGN (0x8)
 *fill*         0x20000594        0x4 
 *(.co_stack .co_stack.*)
                0x20005000                __StackTop = (ORIGIN (ram) + 0x5000)
                0x20004ffc                __StackLimit = (__StackTop - SIZEOF (.co_stack))
                0x20005000                PROVIDE (__stack, __StackTop)
                0x00000001                ASSERT ((__StackLimit >= __HeapLimit), region ram  overflowed with stack)
LOAD ..\obj\stm32f10x_fsmc.o
LOAD ..\obj\delay.o
LOAD ..\obj\usart.o
LOAD ..\obj\stm32f10x_gpio.o
LOAD ..\obj\stm32f10x_rcc.o
LOAD ..\obj\stm32f10x_dma.o
LOAD ..\obj\stm32f10x_sdio.o
LOAD ..\obj\misc.o
LOAD ..\obj\stm32f10x_i2c.o
LOAD ..\obj\stm32f10x_pwr.o
LOAD ..\obj\stm32f10x_dbgmcu.o
LOAD ..\obj\startup_stm32f10x_md.o
LOAD ..\obj\stm32f10x_cec.o
LOAD ..\obj\system_stm32f10x.o
LOAD ..\obj\stm32f10x_can.o
LOAD ..\obj\stm32f10x_bkp.o
LOAD ..\obj\i2c_dma.o
LOAD ..\obj\stm32f10x_flash.o
LOAD ..\obj\syscalls.o
LOAD ..\obj\stm32f10x_spi.o
LOAD ..\obj\stm32f10x_iwdg.o
LOAD ..\obj\stm32f10x_wwdg.o
LOAD ..\obj\hd44780_i2c.o
LOAD ..\obj\printf.o
LOAD ..\obj\stm32f10x_tim.o
LOAD ..\obj\stm32f10x_rtc.o
LOAD ..\obj\stm32f10x_usart.o
LOAD ..\obj\semihosting.o
LOAD ..\obj\stm32f10x_crc.o
LOAD ..\obj\spi.o
LOAD ..\obj\sh_cmd.o
LOAD ..\obj\stm32f10x_adc.o
LOAD ..\obj\stm32f10x_exti.o
LOAD ..\obj\stm32f10x_dac.o
LOAD ..\obj\main.o
START GROUP
LOAD c:/program files (x86)/gnu tools arm embedded/4.9 2015q3/bin/../lib/gcc/arm-none-eabi/4.9.3/armv7-m\libgcc.a
LOAD c:/program files (x86)/gnu tools arm embedded/4.9 2015q3/bin/../lib/gcc/arm-none-eabi/4.9.3/../../../../arm-none-eabi/lib/armv7-m\libg.a
LOAD c:/program files (x86)/gnu tools arm embedded/4.9 2015q3/bin/../lib/gcc/arm-none-eabi/4.9.3/../../../../arm-none-eabi/lib/armv7-m\libc.a
END GROUP
LOAD c:/program files (x86)/gnu tools arm embedded/4.9 2015q3/bin/../lib/gcc/arm-none-eabi/4.9.3/armv7-m/crtend.o
LOAD c:/program files (x86)/gnu tools arm embedded/4.9 2015q3/bin/../lib/gcc/arm-none-eabi/4.9.3/armv7-m/crtn.o
OUTPUT(anssip.elf elf32-littlearm)

.ARM.attributes
                0x00000000       0x29
 .ARM.attributes
                0x00000000       0x1d c:/program files (x86)/gnu tools arm embedded/4.9 2015q3/bin/../lib/gcc/arm-none-eabi/4.9.3/armv7-m/crti.o
 .ARM.attributes
                0x0000001d       0x2d c:/program files (x86)/gnu tools arm embedded/4.9 2015q3/bin/../lib/gcc/arm-none-eabi/4.9.3/armv7-m/crtbegin.o
 .ARM.attributes
                0x0000004a       0x33 ..\obj\delay.o
 .ARM.attributes
                0x0000007d       0x33 ..\obj\usart.o
 .ARM.attributes
                0x000000b0       0x33 ..\obj\stm32f10x_gpio.o
 .ARM.attributes
                0x000000e3       0x33 ..\obj\stm32f10x_rcc.o
 .ARM.attributes
                0x00000116       0x33 ..\obj\stm32f10x_dma.o
 .ARM.attributes
                0x00000149       0x33 ..\obj\misc.o
 .ARM.attributes
                0x0000017c       0x33 ..\obj\stm32f10x_i2c.o
 .ARM.attributes
                0x000001af       0x21 ..\obj\startup_stm32f10x_md.o
 .ARM.attributes
                0x000001d0       0x33 ..\obj\system_stm32f10x.o
 .ARM.attributes
                0x00000203       0x33 ..\obj\i2c_dma.o
 .ARM.attributes
                0x00000236       0x33 ..\obj\hd44780_i2c.o
 .ARM.attributes
                0x00000269       0x33 ..\obj\printf.o
 .ARM.attributes
                0x0000029c       0x33 ..\obj\stm32f10x_usart.o
 .ARM.attributes
                0x000002cf       0x21 ..\obj\sh_cmd.o
 .ARM.attributes
                0x000002f0       0x33 ..\obj\main.o
 .ARM.attributes
                0x00000323       0x2d c:/program files (x86)/gnu tools arm embedded/4.9 2015q3/bin/../lib/gcc/arm-none-eabi/4.9.3/../../../../arm-none-eabi/lib/armv7-m\libg.a(lib_a-impure.o)
 .ARM.attributes
                0x00000350       0x2d c:/program files (x86)/gnu tools arm embedded/4.9 2015q3/bin/../lib/gcc/arm-none-eabi/4.9.3/../../../../arm-none-eabi/lib/armv7-m\libg.a(lib_a-memset.o)
 .ARM.attributes
                0x0000037d       0x2d c:/program files (x86)/gnu tools arm embedded/4.9 2015q3/bin/../lib/gcc/arm-none-eabi/4.9.3/../../../../arm-none-eabi/lib/armv7-m\libg.a(lib_a-__call_atexit.o)
 .ARM.attributes
                0x000003aa       0x2d c:/program files (x86)/gnu tools arm embedded/4.9 2015q3/bin/../lib/gcc/arm-none-eabi/4.9.3/../../../../arm-none-eabi/lib/armv7-m\libg.a(lib_a-atexit.o)
 .ARM.attributes
                0x000003d7       0x2d c:/program files (x86)/gnu tools arm embedded/4.9 2015q3/bin/../lib/gcc/arm-none-eabi/4.9.3/../../../../arm-none-eabi/lib/armv7-m\libg.a(lib_a-fini.o)
 .ARM.attributes
                0x00000404       0x2d c:/program files (x86)/gnu tools arm embedded/4.9 2015q3/bin/../lib/gcc/arm-none-eabi/4.9.3/../../../../arm-none-eabi/lib/armv7-m\libg.a(lib_a-__atexit.o)
 .ARM.attributes
                0x00000431       0x2d c:/program files (x86)/gnu tools arm embedded/4.9 2015q3/bin/../lib/gcc/arm-none-eabi/4.9.3/armv7-m/crtend.o
 .ARM.attributes
                0x0000045e       0x1d c:/program files (x86)/gnu tools arm embedded/4.9 2015q3/bin/../lib/gcc/arm-none-eabi/4.9.3/armv7-m/crtn.o

.comment        0x00000000       0x70
 .comment       0x00000000       0x70 ..\obj\delay.o
                                 0x71 (size before relaxing)
 .comment       0x00000000       0x71 ..\obj\usart.o
 .comment       0x00000000       0x71 ..\obj\stm32f10x_gpio.o
 .comment       0x00000000       0x71 ..\obj\stm32f10x_rcc.o
 .comment       0x00000000       0x71 ..\obj\stm32f10x_dma.o
 .comment       0x00000000       0x71 ..\obj\misc.o
 .comment       0x00000000       0x71 ..\obj\stm32f10x_i2c.o
 .comment       0x00000000       0x71 ..\obj\system_stm32f10x.o
 .comment       0x00000000       0x71 ..\obj\i2c_dma.o
 .comment       0x00000000       0x71 ..\obj\hd44780_i2c.o
 .comment       0x00000000       0x71 ..\obj\printf.o
 .comment       0x00000000       0x71 ..\obj\stm32f10x_usart.o
 .comment       0x00000000       0x71 ..\obj\main.o

.debug_info     0x00000000     0x63c6
 .debug_info    0x00000000      0x31f ..\obj\delay.o
 .debug_info    0x0000031f      0x538 ..\obj\usart.o
 .debug_info    0x00000857      0x6e7 ..\obj\stm32f10x_gpio.o
 .debug_info    0x00000f3e      0x88d ..\obj\stm32f10x_rcc.o
 .debug_info    0x000017cb      0x473 ..\obj\stm32f10x_dma.o
 .debug_info    0x00001c3e      0x53d ..\obj\misc.o
 .debug_info    0x0000217b      0xb00 ..\obj\stm32f10x_i2c.o
 .debug_info    0x00002c7b       0xce ..\obj\startup_stm32f10x_md.o
 .debug_info    0x00002d49      0x479 ..\obj\system_stm32f10x.o
 .debug_info    0x000031c2      0x74d ..\obj\i2c_dma.o
 .debug_info    0x0000390f      0x44a ..\obj\hd44780_i2c.o
 .debug_info    0x00003d59      0xfad ..\obj\printf.o
 .debug_info    0x00004d06      0x9e8 ..\obj\stm32f10x_usart.o
 .debug_info    0x000056ee       0xbc ..\obj\sh_cmd.o
 .debug_info    0x000057aa      0xc1c ..\obj\main.o

.debug_abbrev   0x00000000     0x1571
 .debug_abbrev  0x00000000      0x126 ..\obj\delay.o
 .debug_abbrev  0x00000126      0x1be ..\obj\usart.o
 .debug_abbrev  0x000002e4      0x1c8 ..\obj\stm32f10x_gpio.o
 .debug_abbrev  0x000004ac      0x1ba ..\obj\stm32f10x_rcc.o
 .debug_abbrev  0x00000666      0x155 ..\obj\stm32f10x_dma.o
 .debug_abbrev  0x000007bb      0x145 ..\obj\misc.o
 .debug_abbrev  0x00000900      0x164 ..\obj\stm32f10x_i2c.o
 .debug_abbrev  0x00000a64       0x12 ..\obj\startup_stm32f10x_md.o
 .debug_abbrev  0x00000a76      0x14c ..\obj\system_stm32f10x.o
 .debug_abbrev  0x00000bc2      0x1bc ..\obj\i2c_dma.o
 .debug_abbrev  0x00000d7e      0x179 ..\obj\hd44780_i2c.o
 .debug_abbrev  0x00000ef7      0x2c0 ..\obj\printf.o
 .debug_abbrev  0x000011b7      0x162 ..\obj\stm32f10x_usart.o
 .debug_abbrev  0x00001319       0x14 ..\obj\sh_cmd.o
 .debug_abbrev  0x0000132d      0x244 ..\obj\main.o

.debug_aranges  0x00000000      0x1e8
 .debug_aranges
                0x00000000       0x20 ..\obj\delay.o
 .debug_aranges
                0x00000020       0x20 ..\obj\usart.o
 .debug_aranges
                0x00000040       0x20 ..\obj\stm32f10x_gpio.o
 .debug_aranges
                0x00000060       0x20 ..\obj\stm32f10x_rcc.o
 .debug_aranges
                0x00000080       0x20 ..\obj\stm32f10x_dma.o
 .debug_aranges
                0x000000a0       0x20 ..\obj\misc.o
 .debug_aranges
                0x000000c0       0x20 ..\obj\stm32f10x_i2c.o
 .debug_aranges
                0x000000e0       0x28 ..\obj\startup_stm32f10x_md.o
 .debug_aranges
                0x00000108       0x20 ..\obj\system_stm32f10x.o
 .debug_aranges
                0x00000128       0x20 ..\obj\i2c_dma.o
 .debug_aranges
                0x00000148       0x20 ..\obj\hd44780_i2c.o
 .debug_aranges
                0x00000168       0x20 ..\obj\printf.o
 .debug_aranges
                0x00000188       0x20 ..\obj\stm32f10x_usart.o
 .debug_aranges
                0x000001a8       0x20 ..\obj\sh_cmd.o
 .debug_aranges
                0x000001c8       0x20 ..\obj\main.o

.debug_line     0x00000000     0x2691
 .debug_line    0x00000000      0x1cf ..\obj\delay.o
 .debug_line    0x000001cf      0x298 ..\obj\usart.o
 .debug_line    0x00000467      0x2c4 ..\obj\stm32f10x_gpio.o
 .debug_line    0x0000072b      0x31f ..\obj\stm32f10x_rcc.o
 .debug_line    0x00000a4a      0x271 ..\obj\stm32f10x_dma.o
 .debug_line    0x00000cbb      0x1fe ..\obj\misc.o
 .debug_line    0x00000eb9      0x31f ..\obj\stm32f10x_i2c.o
 .debug_line    0x000011d8       0xcd ..\obj\startup_stm32f10x_md.o
 .debug_line    0x000012a5      0x246 ..\obj\system_stm32f10x.o
 .debug_line    0x000014eb      0x4a9 ..\obj\i2c_dma.o
 .debug_line    0x00001994      0x28b ..\obj\hd44780_i2c.o
 .debug_line    0x00001c1f      0x419 ..\obj\printf.o
 .debug_line    0x00002038      0x31b ..\obj\stm32f10x_usart.o
 .debug_line    0x00002353       0xa1 ..\obj\sh_cmd.o
 .debug_line    0x000023f4      0x29d ..\obj\main.o

.debug_str      0x00000000     0x25e0
 .debug_str     0x00000000      0x25f ..\obj\delay.o
                                0x2ac (size before relaxing)
 .debug_str     0x0000025f      0x335 ..\obj\usart.o
                                0x49c (size before relaxing)
 .debug_str     0x00000594      0x2b3 ..\obj\stm32f10x_gpio.o
                                0x538 (size before relaxing)
 .debug_str     0x00000847      0x47c ..\obj\stm32f10x_rcc.o
                                0x639 (size before relaxing)
 .debug_str     0x00000cc3      0x246 ..\obj\stm32f10x_dma.o
                                0x3d6 (size before relaxing)
 .debug_str     0x00000f09      0x243 ..\obj\misc.o
                                0x3dd (size before relaxing)
 .debug_str     0x0000114c      0x405 ..\obj\stm32f10x_i2c.o
                                0x685 (size before relaxing)
 .debug_str     0x00001551       0xcf ..\obj\system_stm32f10x.o
                                0x30f (size before relaxing)
 .debug_str     0x00001620      0x194 ..\obj\i2c_dma.o
                                0x60f (size before relaxing)
 .debug_str     0x000017b4      0x107 ..\obj\hd44780_i2c.o
                                0x307 (size before relaxing)
 .debug_str     0x000018bb      0x515 ..\obj\printf.o
                                0x72d (size before relaxing)
 .debug_str     0x00001dd0      0x3cc ..\obj\stm32f10x_usart.o
                                0x6af (size before relaxing)
 .debug_str     0x0000219c      0x444 ..\obj\main.o
                                0x85d (size before relaxing)

.debug_frame    0x00000000     0x1ecc
 .debug_frame   0x00000000       0xbc ..\obj\delay.o
 .debug_frame   0x000000bc      0x194 ..\obj\usart.o
 .debug_frame   0x00000250      0x2d0 ..\obj\stm32f10x_gpio.o
 .debug_frame   0x00000520      0x4f4 ..\obj\stm32f10x_rcc.o
 .debug_frame   0x00000a14      0x1c8 ..\obj\stm32f10x_dma.o
 .debug_frame   0x00000bdc       0xd8 ..\obj\misc.o
 .debug_frame   0x00000cb4      0x530 ..\obj\stm32f10x_i2c.o
 .debug_frame   0x000011e4       0x98 ..\obj\system_stm32f10x.o
 .debug_frame   0x0000127c       0xd0 ..\obj\i2c_dma.o
 .debug_frame   0x0000134c      0x178 ..\obj\hd44780_i2c.o
 .debug_frame   0x000014c4      0x300 ..\obj\printf.o
 .debug_frame   0x000017c4      0x490 ..\obj\stm32f10x_usart.o
 .debug_frame   0x00001c54      0x16c ..\obj\main.o
 .debug_frame   0x00001dc0       0x34 c:/program files (x86)/gnu tools arm embedded/4.9 2015q3/bin/../lib/gcc/arm-none-eabi/4.9.3/../../../../arm-none-eabi/lib/armv7-m\libg.a(lib_a-memset.o)
 .debug_frame   0x00001df4       0x50 c:/program files (x86)/gnu tools arm embedded/4.9 2015q3/bin/../lib/gcc/arm-none-eabi/4.9.3/../../../../arm-none-eabi/lib/armv7-m\libg.a(lib_a-__call_atexit.o)
 .debug_frame   0x00001e44       0x20 c:/program files (x86)/gnu tools arm embedded/4.9 2015q3/bin/../lib/gcc/arm-none-eabi/4.9.3/../../../../arm-none-eabi/lib/armv7-m\libg.a(lib_a-atexit.o)
 .debug_frame   0x00001e64       0x34 c:/program files (x86)/gnu tools arm embedded/4.9 2015q3/bin/../lib/gcc/arm-none-eabi/4.9.3/../../../../arm-none-eabi/lib/armv7-m\libg.a(lib_a-fini.o)
 .debug_frame   0x00001e98       0x34 c:/program files (x86)/gnu tools arm embedded/4.9 2015q3/bin/../lib/gcc/arm-none-eabi/4.9.3/../../../../arm-none-eabi/lib/armv7-m\libg.a(lib_a-__atexit.o)

.debug_ranges   0x00000000       0x20
 .debug_ranges  0x00000000       0x20 ..\obj\startup_stm32f10x_md.o
